Archive member included to satisfy reference by file (symbol)

/Applications/STM32CubeIDE.app/Contents/Eclipse/plugins/com.st.stm32cube.ide.mcu.externaltools.gnu-tools-for-stm32.11.3.rel1.macos64_1.1.0.202305231506/tools/bin/../lib/gcc/arm-none-eabi/11.3.1/../../../../arm-none-eabi/lib/thumb/v7e-m/nofp/libc_nano.a(libc_a-exit.o)
                              /Applications/STM32CubeIDE.app/Contents/Eclipse/plugins/com.st.stm32cube.ide.mcu.externaltools.gnu-tools-for-stm32.11.3.rel1.macos64_1.1.0.202305231506/tools/bin/../lib/gcc/arm-none-eabi/11.3.1/../../../../arm-none-eabi/lib/thumb/v7e-m/nofp/crt0.o (exit)
/Applications/STM32CubeIDE.app/Contents/Eclipse/plugins/com.st.stm32cube.ide.mcu.externaltools.gnu-tools-for-stm32.11.3.rel1.macos64_1.1.0.202305231506/tools/bin/../lib/gcc/arm-none-eabi/11.3.1/../../../../arm-none-eabi/lib/thumb/v7e-m/nofp/libc_nano.a(libc_a-findfp.o)
                              /Applications/STM32CubeIDE.app/Contents/Eclipse/plugins/com.st.stm32cube.ide.mcu.externaltools.gnu-tools-for-stm32.11.3.rel1.macos64_1.1.0.202305231506/tools/bin/../lib/gcc/arm-none-eabi/11.3.1/../../../../arm-none-eabi/lib/thumb/v7e-m/nofp/libc_nano.a(libc_a-exit.o) (__stdio_exit_handler)
/Applications/STM32CubeIDE.app/Contents/Eclipse/plugins/com.st.stm32cube.ide.mcu.externaltools.gnu-tools-for-stm32.11.3.rel1.macos64_1.1.0.202305231506/tools/bin/../lib/gcc/arm-none-eabi/11.3.1/../../../../arm-none-eabi/lib/thumb/v7e-m/nofp/libc_nano.a(libc_a-fwalk.o)
                              /Applications/STM32CubeIDE.app/Contents/Eclipse/plugins/com.st.stm32cube.ide.mcu.externaltools.gnu-tools-for-stm32.11.3.rel1.macos64_1.1.0.202305231506/tools/bin/../lib/gcc/arm-none-eabi/11.3.1/../../../../arm-none-eabi/lib/thumb/v7e-m/nofp/libc_nano.a(libc_a-findfp.o) (_fwalk_sglue)
/Applications/STM32CubeIDE.app/Contents/Eclipse/plugins/com.st.stm32cube.ide.mcu.externaltools.gnu-tools-for-stm32.11.3.rel1.macos64_1.1.0.202305231506/tools/bin/../lib/gcc/arm-none-eabi/11.3.1/../../../../arm-none-eabi/lib/thumb/v7e-m/nofp/libc_nano.a(libc_a-vsnprintf.o)
                              ./Core/Src/com_debug.o (vsnprintf)
/Applications/STM32CubeIDE.app/Contents/Eclipse/plugins/com.st.stm32cube.ide.mcu.externaltools.gnu-tools-for-stm32.11.3.rel1.macos64_1.1.0.202305231506/tools/bin/../lib/gcc/arm-none-eabi/11.3.1/../../../../arm-none-eabi/lib/thumb/v7e-m/nofp/libc_nano.a(libc_a-memset.o)
                              /Applications/STM32CubeIDE.app/Contents/Eclipse/plugins/com.st.stm32cube.ide.mcu.externaltools.gnu-tools-for-stm32.11.3.rel1.macos64_1.1.0.202305231506/tools/bin/../lib/gcc/arm-none-eabi/11.3.1/../../../../arm-none-eabi/lib/thumb/v7e-m/nofp/crt0.o (memset)
/Applications/STM32CubeIDE.app/Contents/Eclipse/plugins/com.st.stm32cube.ide.mcu.externaltools.gnu-tools-for-stm32.11.3.rel1.macos64_1.1.0.202305231506/tools/bin/../lib/gcc/arm-none-eabi/11.3.1/../../../../arm-none-eabi/lib/thumb/v7e-m/nofp/libc_nano.a(libc_a-impure.o)
                              /Applications/STM32CubeIDE.app/Contents/Eclipse/plugins/com.st.stm32cube.ide.mcu.externaltools.gnu-tools-for-stm32.11.3.rel1.macos64_1.1.0.202305231506/tools/bin/../lib/gcc/arm-none-eabi/11.3.1/../../../../arm-none-eabi/lib/thumb/v7e-m/nofp/libc_nano.a(libc_a-vsnprintf.o) (_impure_ptr)
/Applications/STM32CubeIDE.app/Contents/Eclipse/plugins/com.st.stm32cube.ide.mcu.externaltools.gnu-tools-for-stm32.11.3.rel1.macos64_1.1.0.202305231506/tools/bin/../lib/gcc/arm-none-eabi/11.3.1/../../../../arm-none-eabi/lib/thumb/v7e-m/nofp/libc_nano.a(libc_a-errno.o)
                              ./Core/Src/syscalls.o (__errno)
/Applications/STM32CubeIDE.app/Contents/Eclipse/plugins/com.st.stm32cube.ide.mcu.externaltools.gnu-tools-for-stm32.11.3.rel1.macos64_1.1.0.202305231506/tools/bin/../lib/gcc/arm-none-eabi/11.3.1/../../../../arm-none-eabi/lib/thumb/v7e-m/nofp/libc_nano.a(libc_a-init.o)
                              /Applications/STM32CubeIDE.app/Contents/Eclipse/plugins/com.st.stm32cube.ide.mcu.externaltools.gnu-tools-for-stm32.11.3.rel1.macos64_1.1.0.202305231506/tools/bin/../lib/gcc/arm-none-eabi/11.3.1/../../../../arm-none-eabi/lib/thumb/v7e-m/nofp/crt0.o (__libc_init_array)
/Applications/STM32CubeIDE.app/Contents/Eclipse/plugins/com.st.stm32cube.ide.mcu.externaltools.gnu-tools-for-stm32.11.3.rel1.macos64_1.1.0.202305231506/tools/bin/../lib/gcc/arm-none-eabi/11.3.1/../../../../arm-none-eabi/lib/thumb/v7e-m/nofp/libc_nano.a(libc_a-lock.o)
                              /Applications/STM32CubeIDE.app/Contents/Eclipse/plugins/com.st.stm32cube.ide.mcu.externaltools.gnu-tools-for-stm32.11.3.rel1.macos64_1.1.0.202305231506/tools/bin/../lib/gcc/arm-none-eabi/11.3.1/../../../../arm-none-eabi/lib/thumb/v7e-m/nofp/libc_nano.a(libc_a-findfp.o) (__retarget_lock_init_recursive)
[...]
Memory Configuration

Name             Origin             Length             Attributes
RAM              0x0000000020000000 0x0000000000010000 xrw
RAM2             0x0000000010000000 0x0000000000008000 xrw
FLASH            0x0000000008000000 0x0000000000040000 xr
*default*        0x0000000000000000 0xffffffffffffffff

Linker script and memory map

LOAD /Applications/STM32CubeIDE.app/Contents/Eclipse/plugins/com.st.stm32cube.ide.mcu.externaltools.gnu-tools-for-stm32.11.3.rel1.macos64_1.1.0.202305231506/tools/bin/../lib/gcc/arm-none-eabi/11.3.1/thumb/v7e-m/nofp/crti.o
LOAD /Applications/STM32CubeIDE.app/Contents/Eclipse/plugins/com.st.stm32cube.ide.mcu.externaltools.gnu-tools-for-stm32.11.3.rel1.macos64_1.1.0.202305231506/tools/bin/../lib/gcc/arm-none-eabi/11.3.1/thumb/v7e-m/nofp/crtbegin.o
LOAD /Applications/STM32CubeIDE.app/Contents/Eclipse/plugins/com.st.stm32cube.ide.mcu.externaltools.gnu-tools-for-stm32.11.3.rel1.macos64_1.1.0.202305231506/tools/bin/../lib/gcc/arm-none-eabi/11.3.1/../../../../arm-none-eabi/lib/thumb/v7e-m/nofp/crt0.o
LOAD ./Core/Src/ax25_generator.o
LOAD ./Core/Src/com_debug.o
LOAD ./Core/Src/error_detection.o
LOAD ./Core/Src/main.o
LOAD ./Core/Src/stm32_adv_trace_if.o
LOAD ./Core/Src/stm32_lpm_if.o
LOAD ./Core/Src/stm32wlxx_hal_msp.o
LOAD ./Core/Src/stm32wlxx_it.o
LOAD ./Core/Src/sys_app.o
LOAD ./Core/Src/syscalls.o
LOAD ./Core/Src/sysmem.o
LOAD ./Core/Src/system_stm32wlxx.o
LOAD ./Core/Src/timer_if.o
LOAD ./Core/Startup/startup_stm32wl55jcix.o
LOAD ./Drivers/STM32WLxx_HAL_Driver/Src/stm32wlxx_hal.o
LOAD ./Drivers/STM32WLxx_HAL_Driver/Src/stm32wlxx_hal_cortex.o
LOAD ./Drivers/STM32WLxx_HAL_Driver/Src/stm32wlxx_hal_dma.o
LOAD ./Drivers/STM32WLxx_HAL_Driver/Src/stm32wlxx_hal_dma_ex.o
LOAD ./Drivers/STM32WLxx_HAL_Driver/Src/stm32wlxx_hal_exti.o
LOAD ./Drivers/STM32WLxx_HAL_Driver/Src/stm32wlxx_hal_flash.o
LOAD ./Drivers/STM32WLxx_HAL_Driver/Src/stm32wlxx_hal_flash_ex.o
LOAD ./Drivers/STM32WLxx_HAL_Driver/Src/stm32wlxx_hal_gpio.o
LOAD ./Drivers/STM32WLxx_HAL_Driver/Src/stm32wlxx_hal_pwr.o
LOAD ./Drivers/STM32WLxx_HAL_Driver/Src/stm32wlxx_hal_pwr_ex.o
LOAD ./Drivers/STM32WLxx_HAL_Driver/Src/stm32wlxx_hal_rcc.o
LOAD ./Drivers/STM32WLxx_HAL_Driver/Src/stm32wlxx_hal_rcc_ex.o
LOAD ./Drivers/STM32WLxx_HAL_Driver/Src/stm32wlxx_hal_subghz.o
LOAD ./Drivers/STM32WLxx_HAL_Driver/Src/stm32wlxx_hal_tim.o
LOAD ./Drivers/STM32WLxx_HAL_Driver/Src/stm32wlxx_hal_tim_ex.o
LOAD ./Drivers/STM32WLxx_HAL_Driver/Src/stm32wlxx_hal_uart.o
LOAD ./Drivers/STM32WLxx_HAL_Driver/Src/stm32wlxx_hal_uart_ex.o
LOAD ./Drivers/STM32WLxx_Nucleo/stm32wlxx_nucleo.o
LOAD ./Drivers/STM32WLxx_Nucleo/stm32wlxx_nucleo_radio.o
LOAD ./Middlewares/Third_Party/SubGHz_Phy/stm32_radio_driver/lr_fhss_mac.o
LOAD ./Middlewares/Third_Party/SubGHz_Phy/stm32_radio_driver/radio.o
LOAD ./Middlewares/Third_Party/SubGHz_Phy/stm32_radio_driver/radio_driver.o
LOAD ./Middlewares/Third_Party/SubGHz_Phy/stm32_radio_driver/radio_fw.o
LOAD ./Middlewares/Third_Party/SubGHz_Phy/stm32_radio_driver/wl_lr_fhss.o
LOAD ./SubGHz_Phy/App/app_subghz_phy.o
LOAD ./SubGHz_Phy/App/subghz_phy_app.o
LOAD ./SubGHz_Phy/Target/radio_board_if.o
LOAD ./Utilities/lpm/tiny_lpm/stm32_lpm.o
LOAD ./Utilities/misc/stm32_mem.o
LOAD ./Utilities/misc/stm32_systime.o
LOAD ./Utilities/misc/stm32_tiny_sscanf.o
LOAD ./Utilities/misc/stm32_tiny_vsnprintf.o
LOAD ./Utilities/sequencer/stm32_seq.o
LOAD ./Utilities/timer/stm32_timer.o
LOAD ./Utilities/trace/adv_trace/stm32_adv_trace.o
START GROUP
LOAD /Applications/STM32CubeIDE.app/Contents/Eclipse/plugins/com.st.stm32cube.ide.mcu.externaltools.gnu-tools-for-stm32.11.3.rel1.macos64_1.1.0.202305231506/tools/bin/../lib/gcc/arm-none-eabi/11.3.1/../../../../arm-none-eabi/lib/thumb/v7e-m/nofp/libc_nano.a
LOAD /Applications/STM32CubeIDE.app/Contents/Eclipse/plugins/com.st.stm32cube.ide.mcu.externaltools.gnu-tools-for-stm32.11.3.rel1.macos64_1.1.0.202305231506/tools/bin/../lib/gcc/arm-none-eabi/11.3.1/../../../../arm-none-eabi/lib/thumb/v7e-m/nofp/libm.a
END GROUP
START GROUP
LOAD /Applications/STM32CubeIDE.app/Contents/Eclipse/plugins/com.st.stm32cube.ide.mcu.externaltools.gnu-tools-for-stm32.11.3.rel1.macos64_1.1.0.202305231506/tools/bin/../lib/gcc/arm-none-eabi/11.3.1/thumb/v7e-m/nofp/libgcc.a
LOAD /Applications/STM32CubeIDE.app/Contents/Eclipse/plugins/com.st.stm32cube.ide.mcu.externaltools.gnu-tools-for-stm32.11.3.rel1.macos64_1.1.0.202305231506/tools/bin/../lib/gcc/arm-none-eabi/11.3.1/../../../../arm-none-eabi/lib/thumb/v7e-m/nofp/libc_nano.a
END GROUP
START GROUP
LOAD /Applications/STM32CubeIDE.app/Contents/Eclipse/plugins/com.st.stm32cube.ide.mcu.externaltools.gnu-tools-for-stm32.11.3.rel1.macos64_1.1.0.202305231506/tools/bin/../lib/gcc/arm-none-eabi/11.3.1/thumb/v7e-m/nofp/libgcc.a
LOAD /Applications/STM32CubeIDE.app/Contents/Eclipse/plugins/com.st.stm32cube.ide.mcu.externaltools.gnu-tools-for-stm32.11.3.rel1.macos64_1.1.0.202305231506/tools/bin/../lib/gcc/arm-none-eabi/11.3.1/../../../../arm-none-eabi/lib/thumb/v7e-m/nofp/libc_nano.a
LOAD /Applications/STM32CubeIDE.app/Contents/Eclipse/plugins/com.st.stm32cube.ide.mcu.externaltools.gnu-tools-for-stm32.11.3.rel1.macos64_1.1.0.202305231506/tools/bin/../lib/gcc/arm-none-eabi/11.3.1/../../../../arm-none-eabi/lib/thumb/v7e-m/nofp/libnosys.a
END GROUP
START GROUP
LOAD /Applications/STM32CubeIDE.app/Contents/Eclipse/plugins/com.st.stm32cube.ide.mcu.externaltools.gnu-tools-for-stm32.11.3.rel1.macos64_1.1.0.202305231506/tools/bin/../lib/gcc/arm-none-eabi/11.3.1/thumb/v7e-m/nofp/libgcc.a
LOAD /Applications/STM32CubeIDE.app/Contents/Eclipse/plugins/com.st.stm32cube.ide.mcu.externaltools.gnu-tools-for-stm32.11.3.rel1.macos64_1.1.0.202305231506/tools/bin/../lib/gcc/arm-none-eabi/11.3.1/../../../../arm-none-eabi/lib/thumb/v7e-m/nofp/libc_nano.a
LOAD /Applications/STM32CubeIDE.app/Contents/Eclipse/plugins/com.st.stm32cube.ide.mcu.externaltools.gnu-tools-for-stm32.11.3.rel1.macos64_1.1.0.202305231506/tools/bin/../lib/gcc/arm-none-eabi/11.3.1/../../../../arm-none-eabi/lib/thumb/v7e-m/nofp/libnosys.a
END GROUP
LOAD /Applications/STM32CubeIDE.app/Contents/Eclipse/plugins/com.st.stm32cube.ide.mcu.externaltools.gnu-tools-for-stm32.11.3.rel1.macos64_1.1.0.202305231506/tools/bin/../lib/gcc/arm-none-eabi/11.3.1/thumb/v7e-m/nofp/crtend.o
LOAD /Applications/STM32CubeIDE.app/Contents/Eclipse/plugins/com.st.stm32cube.ide.mcu.externaltools.gnu-tools-for-stm32.11.3.rel1.macos64_1.1.0.202305231506/tools/bin/../lib/gcc/arm-none-eabi/11.3.1/thumb/v7e-m/nofp/crtn.o
                0x0000000020010000                _estack = (ORIGIN (RAM) + LENGTH (RAM))
                0x0000000000000200                _Min_Heap_Size = 0x200
                0x0000000000000400                _Min_Stack_Size = 0x400

.isr_vector     0x0000000008000000      0x138
                0x0000000008000000                . = ALIGN (0x4)
 *(.isr_vector)
 .isr_vector    0x0000000008000000      0x138 ./Core/Startup/startup_stm32wl55jcix.o
                0x0000000008000000                g_pfnVectors
                0x0000000008000138                . = ALIGN (0x4)

.text           0x0000000008000140     0xaa60
                0x0000000008000140                . = ALIGN (0x4)
 *(.text)
 .text          0x0000000008000140       0x40 /Applications/STM32CubeIDE.app/Contents/Eclipse/plugins/com.st.stm32cube.ide.mcu.externaltools.gnu-tools-for-stm32.11.3.rel1.macos64_1.1.0.202305231506/tools/bin/../lib/gcc/arm-none-eabi/11.3.1/thumb/v7e-m/nofp/crtbegin.o
 .text          0x0000000008000180       0xa0 /Applications/STM32CubeIDE.app/Contents/Eclipse/plugins/com.st.stm32cube.ide.mcu.externaltools.gnu-tools-for-stm32.11.3.rel1.macos64_1.1.0.202305231506/tools/bin/../lib/gcc/arm-none-eabi/11.3.1/../../../../arm-none-eabi/lib/thumb/v7e-m/nofp/libc_nano.a(libc_a-memchr.o)
                0x0000000008000180                memchr
 .text          0x0000000008000220       0x30 /Applications/STM32CubeIDE.app/Contents/Eclipse/plugins/com.st.stm32cube.ide.mcu.externaltools.gnu-tools-for-stm32.11.3.rel1.macos64_1.1.0.202305231506/tools/bin/../lib/gcc/arm-none-eabi/11.3.1/thumb/v7e-m/nofp/libgcc.a(_aeabi_uldivmod.o)
                0x0000000008000220                __aeabi_uldivmod
 .text          0x0000000008000250      0x2c8 /Applications/STM32CubeIDE.app/Contents/Eclipse/plugins/com.st.stm32cube.ide.mcu.externaltools.gnu-tools-for-stm32.11.3.rel1.macos64_1.1.0.202305231506/tools/bin/../lib/gcc/arm-none-eabi/11.3.1/thumb/v7e-m/nofp/libgcc.a(_udivmoddi4.o)
                0x0000000008000250                __udivmoddi4
 .text          0x0000000008000518        0x4 /Applications/STM32CubeIDE.app/Contents/Eclipse/plugins/com.st.stm32cube.ide.mcu.externaltools.gnu-tools-for-stm32.11.3.rel1.macos64_1.1.0.202305231506/tools/bin/../lib/gcc/arm-none-eabi/11.3.1/thumb/v7e-m/nofp/libgcc.a(_dvmd_tls.o)
                0x0000000008000518                __aeabi_ldiv0
                0x0000000008000518                __aeabi_idiv0
 *(.text*)
 .text.AX_25PacketFormation
                0x000000000800051c      0x1d0 ./Core/Src/ax25_generator.o
                0x000000000800051c                AX_25PacketFormation
 .text.delay_us
                0x00000000080006ec       0x34 ./Core/Src/com_debug.o
                0x00000000080006ec                delay_us
 .text.myDebug  0x0000000008000720       0x48 ./Core/Src/com_debug.o
                0x0000000008000720                myDebug
 .text.bufferSize
                0x0000000008000768       0x2c ./Core/Src/com_debug.o
                0x0000000008000768                bufferSize
 .text.calculateCRC_CCITT_AX25
                0x0000000008000794       0x7e ./Core/Src/error_detection.o
                0x0000000008000794                calculateCRC_CCITT_AX25
 .text.LL_AHB1_GRP1_EnableClock
                0x0000000008000812       0x30 ./Core/Src/main.o
 .text.LL_AHB2_GRP1_EnableClock
                0x0000000008000842       0x30 ./Core/Src/main.o
 *fill*         0x0000000008000872        0x2 
 .text.main     0x0000000008000874      0x408 ./Core/Src/main.o
                0x0000000008000874                main
 .text.SystemClock_Config
                0x0000000008000c7c       0xc0 ./Core/Src/main.o
                0x0000000008000c7c                SystemClock_Config
 .text.MX_SUBGHZ_Init
                0x0000000008000d3c       0x24 ./Core/Src/main.o
                0x0000000008000d3c                MX_SUBGHZ_Init
 .text.MX_TIM1_Init
                0x0000000008000d60       0xa8 ./Core/Src/main.o
 .text.MX_TIM2_Init
                0x0000000008000e08       0x9c ./Core/Src/main.o
 .text.MX_USART2_UART_Init
                0x0000000008000ea4       0x98 ./Core/Src/main.o
 .text.MX_DMA_Init
                0x0000000008000f3c       0x34 ./Core/Src/main.o
 .text.MX_GPIO_Init
                0x0000000008000f70       0xd8 ./Core/Src/main.o
 .text.HAL_UART_RxCpltCallback
                0x0000000008001048       0x68 ./Core/Src/main.o
                0x0000000008001048                HAL_UART_RxCpltCallback
 .text.DioIrqHndlr
                0x00000000080010b0      0x368 ./Core/Src/main.o
                0x00000000080010b0                DioIrqHndlr
 .text.Error_Handler
                0x0000000008001418        0xa ./Core/Src/main.o
                0x0000000008001418                Error_Handler
 .text.LL_AHB2_GRP1_EnableClock
                0x0000000008001422       0x30 ./Core/Src/stm32wlxx_hal_msp.o
 .text.LL_APB1_GRP1_EnableClock
                0x0000000008001452       0x30 ./Core/Src/stm32wlxx_hal_msp.o
 .text.LL_APB2_GRP1_EnableClock
                0x0000000008001482       0x30 ./Core/Src/stm32wlxx_hal_msp.o
 .text.LL_APB3_GRP1_EnableClock
                0x00000000080014b2       0x30 ./Core/Src/stm32wlxx_hal_msp.o
 .text.HAL_MspInit
                0x00000000080014e2        0xc ./Core/Src/stm32wlxx_hal_msp.o
                0x00000000080014e2                HAL_MspInit
 .text.HAL_SUBGHZ_MspInit
                0x00000000080014ee       0x26 ./Core/Src/stm32wlxx_hal_msp.o
                0x00000000080014ee                HAL_SUBGHZ_MspInit
 .text.HAL_TIM_Base_MspInit
                0x0000000008001514       0x48 ./Core/Src/stm32wlxx_hal_msp.o
                0x0000000008001514                HAL_TIM_Base_MspInit
 .text.HAL_UART_MspInit
                0x000000000800155c      0x178 ./Core/Src/stm32wlxx_hal_msp.o
                0x000000000800155c                HAL_UART_MspInit
 .text.NMI_Handler
                0x00000000080016d4        0x6 ./Core/Src/stm32wlxx_it.o
                0x00000000080016d4                NMI_Handler
 .text.HardFault_Handler
                0x00000000080016da        0x6 ./Core/Src/stm32wlxx_it.o
                0x00000000080016da                HardFault_Handler
 .text.MemManage_Handler
                0x00000000080016e0        0x6 ./Core/Src/stm32wlxx_it.o
                0x00000000080016e0                MemManage_Handler
 .text.BusFault_Handler
                0x00000000080016e6        0x6 ./Core/Src/stm32wlxx_it.o
                0x00000000080016e6                BusFault_Handler
 .text.UsageFault_Handler
                0x00000000080016ec        0x6 ./Core/Src/stm32wlxx_it.o
                0x00000000080016ec                UsageFault_Handler
 .text.SVC_Handler
                0x00000000080016f2        0xc ./Core/Src/stm32wlxx_it.o
                0x00000000080016f2                SVC_Handler
 .text.DebugMon_Handler
                0x00000000080016fe        0xc ./Core/Src/stm32wlxx_it.o
                0x00000000080016fe                DebugMon_Handler
 .text.PendSV_Handler
                0x000000000800170a        0xc ./Core/Src/stm32wlxx_it.o
                0x000000000800170a                PendSV_Handler
 .text.SysTick_Handler
                0x0000000008001716        0xc ./Core/Src/stm32wlxx_it.o
                0x0000000008001716                SysTick_Handler
 *fill*         0x0000000008001722        0x2 
 .text.DMA1_Channel1_IRQHandler
                0x0000000008001724       0x14 ./Core/Src/stm32wlxx_it.o
                0x0000000008001724                DMA1_Channel1_IRQHandler
 .text.DMA1_Channel2_IRQHandler
                0x0000000008001738       0x14 ./Core/Src/stm32wlxx_it.o
                0x0000000008001738                DMA1_Channel2_IRQHandler
 .text.TIM1_UP_IRQHandler
                0x000000000800174c       0x14 ./Core/Src/stm32wlxx_it.o
                0x000000000800174c                TIM1_UP_IRQHandler
 .text.USART2_IRQHandler
                0x0000000008001760       0x14 ./Core/Src/stm32wlxx_it.o
                0x0000000008001760                USART2_IRQHandler
 .text.SUBGHZ_Radio_IRQHandler
                0x0000000008001774       0x14 ./Core/Src/stm32wlxx_it.o
                0x0000000008001774                SUBGHZ_Radio_IRQHandler
 .text.SystemApp_Init
                0x0000000008001788        0xc ./Core/Src/sys_app.o
                0x0000000008001788                SystemApp_Init
 .text.HAL_GetTick
                0x0000000008001794       0x28 ./Core/Src/sys_app.o
                0x0000000008001794                HAL_GetTick
 .text.HAL_Delay
                0x00000000080017bc       0x18 ./Core/Src/sys_app.o
                0x00000000080017bc                HAL_Delay
 .text._sbrk    0x00000000080017d4       0x6c ./Core/Src/sysmem.o
                0x00000000080017d4                _sbrk
 .text.SystemInit
                0x0000000008001840        0xc ./Core/Src/system_stm32wlxx.o
                0x0000000008001840                SystemInit
 .text.TIMER_IF_Init
                0x000000000800184c       0x16 ./Core/Src/timer_if.o
                0x000000000800184c                TIMER_IF_Init
 .text.TIMER_IF_StartTimer
                0x0000000008001862       0x18 ./Core/Src/timer_if.o
                0x0000000008001862                TIMER_IF_StartTimer
 .text.TIMER_IF_StopTimer
                0x000000000800187a       0x16 ./Core/Src/timer_if.o
                0x000000000800187a                TIMER_IF_StopTimer
 .text.TIMER_IF_SetTimerContext
                0x0000000008001890       0x14 ./Core/Src/timer_if.o
                0x0000000008001890                TIMER_IF_SetTimerContext
 .text.TIMER_IF_GetTimerContext
                0x00000000080018a4       0x14 ./Core/Src/timer_if.o
                0x00000000080018a4                TIMER_IF_GetTimerContext
 .text.TIMER_IF_GetTimerElapsedTime
                0x00000000080018b8       0x16 ./Core/Src/timer_if.o
                0x00000000080018b8                TIMER_IF_GetTimerElapsedTime
 .text.TIMER_IF_GetTimerValue
                0x00000000080018ce       0x16 ./Core/Src/timer_if.o
                0x00000000080018ce                TIMER_IF_GetTimerValue
 .text.TIMER_IF_GetMinimumTimeout
                0x00000000080018e4       0x16 ./Core/Src/timer_if.o
                0x00000000080018e4                TIMER_IF_GetMinimumTimeout
 .text.TIMER_IF_Convert_ms2Tick
                0x00000000080018fa       0x18 ./Core/Src/timer_if.o
                0x00000000080018fa                TIMER_IF_Convert_ms2Tick
 .text.TIMER_IF_Convert_Tick2ms
                0x0000000008001912       0x18 ./Core/Src/timer_if.o
                0x0000000008001912                TIMER_IF_Convert_Tick2ms
 .text.TIMER_IF_DelayMs
                0x000000000800192a       0x12 ./Core/Src/timer_if.o
                0x000000000800192a                TIMER_IF_DelayMs
 .text.Reset_Handler
                0x000000000800193c       0x50 ./Core/Startup/startup_stm32wl55jcix.o
                0x000000000800193c                Reset_Handler
 .text.Default_Handler
                0x000000000800198c        0x2 ./Core/Startup/startup_stm32wl55jcix.o
                0x000000000800198c                DMA2_Channel3_IRQHandler
                0x000000000800198c                EXTI2_IRQHandler
                0x000000000800198c                TIM1_CC_IRQHandler
                0x000000000800198c                EXTI3_IRQHandler
                0x000000000800198c                LPTIM2_IRQHandler
                0x000000000800198c                I2C3_ER_IRQHandler
                0x000000000800198c                LPTIM3_IRQHandler
                0x000000000800198c                EXTI0_IRQHandler
                0x000000000800198c                I2C2_EV_IRQHandler
                0x000000000800198c                TAMP_STAMP_LSECSS_SSRU_IRQHandler
                0x000000000800198c                SPI1_IRQHandler
                0x000000000800198c                DMA2_Channel2_IRQHandler
                0x000000000800198c                DMA1_Channel4_IRQHandler
                0x000000000800198c                PKA_IRQHandler
                0x000000000800198c                TIM17_IRQHandler
                0x000000000800198c                DMA1_Channel7_IRQHandler
                0x000000000800198c                SUBGHZSPI_IRQHandler
                0x000000000800198c                IPCC_C1_TX_IRQHandler
                0x000000000800198c                DMA2_Channel1_IRQHandler
                0x000000000800198c                I2C1_EV_IRQHandler
                0x000000000800198c                DMAMUX1_OVR_IRQHandler
                0x000000000800198c                DMA1_Channel6_IRQHandler
                0x000000000800198c                TIM16_IRQHandler
                0x000000000800198c                DMA2_Channel4_IRQHandler
                0x000000000800198c                RCC_IRQHandler
                0x000000000800198c                TIM1_TRG_COM_IRQHandler
                0x000000000800198c                Default_Handler
                0x000000000800198c                DMA2_Channel7_IRQHandler
                0x000000000800198c                EXTI15_10_IRQHandler
                0x000000000800198c                IPCC_C1_RX_IRQHandler
                0x000000000800198c                ADC_IRQHandler
                0x000000000800198c                C2SEV_PWR_C2H_IRQHandler
                0x000000000800198c                I2C3_EV_IRQHandler
                0x000000000800198c                EXTI9_5_IRQHandler
                0x000000000800198c                RTC_WKUP_IRQHandler
                0x000000000800198c                PVD_PVM_IRQHandler
                0x000000000800198c                SPI2_IRQHandler
                0x000000000800198c                DMA2_Channel5_IRQHandler
                0x000000000800198c                DMA1_Channel5_IRQHandler
                0x000000000800198c                EXTI4_IRQHandler
                0x000000000800198c                RNG_IRQHandler
                0x000000000800198c                DMA1_Channel3_IRQHandler
                0x000000000800198c                COMP_IRQHandler
                0x000000000800198c                HSEM_IRQHandler
                0x000000000800198c                WWDG_IRQHandler
                0x000000000800198c                LPUART1_IRQHandler
                0x000000000800198c                DMA2_Channel6_IRQHandler
                0x000000000800198c                TIM2_IRQHandler
                0x000000000800198c                TIM1_BRK_IRQHandler
                0x000000000800198c                DAC_IRQHandler
                0x000000000800198c                EXTI1_IRQHandler
                0x000000000800198c                AES_IRQHandler
                0x000000000800198c                I2C2_ER_IRQHandler
                0x000000000800198c                FLASH_IRQHandler
                0x000000000800198c                USART1_IRQHandler
                0x000000000800198c                I2C1_ER_IRQHandler
                0x000000000800198c                LPTIM1_IRQHandler
                0x000000000800198c                RTC_Alarm_IRQHandler
 *fill*         0x000000000800198e        0x2 
 .text.HAL_Init
                0x0000000008001990       0x40 ./Drivers/STM32WLxx_HAL_Driver/Src/stm32wlxx_hal.o
                0x0000000008001990                HAL_Init
 .text.HAL_InitTick
                0x00000000080019d0       0x74 ./Drivers/STM32WLxx_HAL_Driver/Src/stm32wlxx_hal.o
                0x00000000080019d0                HAL_InitTick
 .text.HAL_IncTick
                0x0000000008001a44       0x24 ./Drivers/STM32WLxx_HAL_Driver/Src/stm32wlxx_hal.o
                0x0000000008001a44                HAL_IncTick
 .text.__NVIC_SetPriorityGrouping
                0x0000000008001a68       0x48 ./Drivers/STM32WLxx_HAL_Driver/Src/stm32wlxx_hal_cortex.o
 .text.__NVIC_GetPriorityGrouping
                0x0000000008001ab0       0x1c ./Drivers/STM32WLxx_HAL_Driver/Src/stm32wlxx_hal_cortex.o
 .text.__NVIC_EnableIRQ
                0x0000000008001acc       0x38 ./Drivers/STM32WLxx_HAL_Driver/Src/stm32wlxx_hal_cortex.o
 .text.__NVIC_SetPriority
                0x0000000008001b04       0x54 ./Drivers/STM32WLxx_HAL_Driver/Src/stm32wlxx_hal_cortex.o
 .text.NVIC_EncodePriority
                0x0000000008001b58       0x64 ./Drivers/STM32WLxx_HAL_Driver/Src/stm32wlxx_hal_cortex.o
 .text.SysTick_Config
                0x0000000008001bbc       0x44 ./Drivers/STM32WLxx_HAL_Driver/Src/stm32wlxx_hal_cortex.o
 .text.HAL_NVIC_SetPriorityGrouping
                0x0000000008001c00       0x16 ./Drivers/STM32WLxx_HAL_Driver/Src/stm32wlxx_hal_cortex.o
                0x0000000008001c00                HAL_NVIC_SetPriorityGrouping
 .text.HAL_NVIC_SetPriority
                0x0000000008001c16       0x34 ./Drivers/STM32WLxx_HAL_Driver/Src/stm32wlxx_hal_cortex.o
                0x0000000008001c16                HAL_NVIC_SetPriority
 .text.HAL_NVIC_EnableIRQ
                0x0000000008001c4a       0x1c ./Drivers/STM32WLxx_HAL_Driver/Src/stm32wlxx_hal_cortex.o
                0x0000000008001c4a                HAL_NVIC_EnableIRQ
 .text.HAL_SYSTICK_Config
                0x0000000008001c66       0x18 ./Drivers/STM32WLxx_HAL_Driver/Src/stm32wlxx_hal_cortex.o
                0x0000000008001c66                HAL_SYSTICK_Config
 *fill*         0x0000000008001c7e        0x2 
 .text.HAL_DMA_Init
                0x0000000008001c80      0x150 ./Drivers/STM32WLxx_HAL_Driver/Src/stm32wlxx_hal_dma.o
                0x0000000008001c80                HAL_DMA_Init
 .text.HAL_DMA_Start_IT
                0x0000000008001dd0       0xfc ./Drivers/STM32WLxx_HAL_Driver/Src/stm32wlxx_hal_dma.o
                0x0000000008001dd0                HAL_DMA_Start_IT
 .text.HAL_DMA_Abort
                0x0000000008001ecc       0xbc ./Drivers/STM32WLxx_HAL_Driver/Src/stm32wlxx_hal_dma.o
                0x0000000008001ecc                HAL_DMA_Abort
 .text.HAL_DMA_Abort_IT
                0x0000000008001f88       0xbe ./Drivers/STM32WLxx_HAL_Driver/Src/stm32wlxx_hal_dma.o
                0x0000000008001f88                HAL_DMA_Abort_IT
 *fill*         0x0000000008002046        0x2 
 .text.HAL_DMA_IRQHandler
                0x0000000008002048      0x18c ./Drivers/STM32WLxx_HAL_Driver/Src/stm32wlxx_hal_dma.o
                0x0000000008002048                HAL_DMA_IRQHandler
 .text.HAL_DMA_ConfigChannelAttributes
                0x00000000080021d4       0x5e ./Drivers/STM32WLxx_HAL_Driver/Src/stm32wlxx_hal_dma.o
                0x00000000080021d4                HAL_DMA_ConfigChannelAttributes
 .text.DMA_SetConfig
                0x0000000008002232       0x7a ./Drivers/STM32WLxx_HAL_Driver/Src/stm32wlxx_hal_dma.o
 .text.DMA_CalcDMAMUXChannelBaseAndMask
                0x00000000080022ac       0x90 ./Drivers/STM32WLxx_HAL_Driver/Src/stm32wlxx_hal_dma.o
 .text.DMA_CalcDMAMUXRequestGenBaseAndMask
                0x000000000800233c       0x48 ./Drivers/STM32WLxx_HAL_Driver/Src/stm32wlxx_hal_dma.o
 .text.HAL_GPIO_Init
                0x0000000008002384      0x2c0 ./Drivers/STM32WLxx_HAL_Driver/Src/stm32wlxx_hal_gpio.o
                0x0000000008002384                HAL_GPIO_Init
 .text.HAL_GPIO_WritePin
                0x0000000008002644       0x2e ./Drivers/STM32WLxx_HAL_Driver/Src/stm32wlxx_hal_gpio.o
                0x0000000008002644                HAL_GPIO_WritePin
 *fill*         0x0000000008002672        0x2 
 .text.HAL_PWR_EnableBkUpAccess
                0x0000000008002674       0x1c ./Drivers/STM32WLxx_HAL_Driver/Src/stm32wlxx_hal_pwr.o
                0x0000000008002674                HAL_PWR_EnableBkUpAccess
 .text.HAL_PWREx_GetVoltageRange
                0x0000000008002690       0x18 ./Drivers/STM32WLxx_HAL_Driver/Src/stm32wlxx_hal_pwr_ex.o
                0x0000000008002690                HAL_PWREx_GetVoltageRange
 .text.LL_PWR_IsEnabledBkUpAccess
                0x00000000080026a8       0x24 ./Drivers/STM32WLxx_HAL_Driver/Src/stm32wlxx_hal_rcc.o
 .text.LL_RCC_HSE_EnableTcxo
                0x00000000080026cc       0x1c ./Drivers/STM32WLxx_HAL_Driver/Src/stm32wlxx_hal_rcc.o
 .text.LL_RCC_HSE_DisableTcxo
                0x00000000080026e8       0x1c ./Drivers/STM32WLxx_HAL_Driver/Src/stm32wlxx_hal_rcc.o
 .text.LL_RCC_HSE_IsEnabledDiv2
                0x0000000008002704       0x22 ./Drivers/STM32WLxx_HAL_Driver/Src/stm32wlxx_hal_rcc.o
 .text.LL_RCC_HSE_Enable
                0x0000000008002726       0x1c ./Drivers/STM32WLxx_HAL_Driver/Src/stm32wlxx_hal_rcc.o
 .text.LL_RCC_HSE_Disable
                0x0000000008002742       0x1c ./Drivers/STM32WLxx_HAL_Driver/Src/stm32wlxx_hal_rcc.o
 .text.LL_RCC_HSE_IsReady
                0x000000000800275e       0x22 ./Drivers/STM32WLxx_HAL_Driver/Src/stm32wlxx_hal_rcc.o
 .text.LL_RCC_HSI_Enable
                0x0000000008002780       0x1c ./Drivers/STM32WLxx_HAL_Driver/Src/stm32wlxx_hal_rcc.o
 .text.LL_RCC_HSI_Disable
                0x000000000800279c       0x1c ./Drivers/STM32WLxx_HAL_Driver/Src/stm32wlxx_hal_rcc.o
 .text.LL_RCC_HSI_IsReady
                0x00000000080027b8       0x22 ./Drivers/STM32WLxx_HAL_Driver/Src/stm32wlxx_hal_rcc.o
 .text.LL_RCC_HSI_SetCalibTrimming
                0x00000000080027da       0x28 ./Drivers/STM32WLxx_HAL_Driver/Src/stm32wlxx_hal_rcc.o
 .text.LL_RCC_LSE_IsReady
                0x0000000008002802       0x22 ./Drivers/STM32WLxx_HAL_Driver/Src/stm32wlxx_hal_rcc.o
 .text.LL_RCC_LSI_Enable
                0x0000000008002824       0x20 ./Drivers/STM32WLxx_HAL_Driver/Src/stm32wlxx_hal_rcc.o
 .text.LL_RCC_LSI_Disable
                0x0000000008002844       0x20 ./Drivers/STM32WLxx_HAL_Driver/Src/stm32wlxx_hal_rcc.o
 .text.LL_RCC_LSI_IsReady
                0x0000000008002864       0x22 ./Drivers/STM32WLxx_HAL_Driver/Src/stm32wlxx_hal_rcc.o
 .text.LL_RCC_MSI_Enable
                0x0000000008002886       0x1c ./Drivers/STM32WLxx_HAL_Driver/Src/stm32wlxx_hal_rcc.o
 .text.LL_RCC_MSI_Disable
                0x00000000080028a2       0x1c ./Drivers/STM32WLxx_HAL_Driver/Src/stm32wlxx_hal_rcc.o
 .text.LL_RCC_MSI_IsReady
                0x00000000080028be       0x20 ./Drivers/STM32WLxx_HAL_Driver/Src/stm32wlxx_hal_rcc.o
 .text.LL_RCC_MSI_IsEnabledRangeSelect
                0x00000000080028de       0x20 ./Drivers/STM32WLxx_HAL_Driver/Src/stm32wlxx_hal_rcc.o
 .text.LL_RCC_MSI_GetRange
                0x00000000080028fe       0x16 ./Drivers/STM32WLxx_HAL_Driver/Src/stm32wlxx_hal_rcc.o
 .text.LL_RCC_MSI_GetRangeAfterStandby
                0x0000000008002914       0x18 ./Drivers/STM32WLxx_HAL_Driver/Src/stm32wlxx_hal_rcc.o
 .text.LL_RCC_MSI_SetCalibTrimming
                0x000000000800292c       0x28 ./Drivers/STM32WLxx_HAL_Driver/Src/stm32wlxx_hal_rcc.o
 .text.LL_RCC_SetSysClkSource
                0x0000000008002954       0x26 ./Drivers/STM32WLxx_HAL_Driver/Src/stm32wlxx_hal_rcc.o
 .text.LL_RCC_GetSysClkSource
                0x000000000800297a       0x16 ./Drivers/STM32WLxx_HAL_Driver/Src/stm32wlxx_hal_rcc.o
 .text.LL_RCC_SetAHBPrescaler
                0x0000000008002990       0x26 ./Drivers/STM32WLxx_HAL_Driver/Src/stm32wlxx_hal_rcc.o
 .text.LL_C2_RCC_SetAHBPrescaler
                0x00000000080029b6       0x2a ./Drivers/STM32WLxx_HAL_Driver/Src/stm32wlxx_hal_rcc.o
 .text.LL_RCC_SetAHB3Prescaler
                0x00000000080029e0       0x2c ./Drivers/STM32WLxx_HAL_Driver/Src/stm32wlxx_hal_rcc.o
 .text.LL_RCC_SetAPB1Prescaler
                0x0000000008002a0c       0x26 ./Drivers/STM32WLxx_HAL_Driver/Src/stm32wlxx_hal_rcc.o
 .text.LL_RCC_SetAPB2Prescaler
                0x0000000008002a32       0x26 ./Drivers/STM32WLxx_HAL_Driver/Src/stm32wlxx_hal_rcc.o
 .text.LL_RCC_GetAHBPrescaler
                0x0000000008002a58       0x16 ./Drivers/STM32WLxx_HAL_Driver/Src/stm32wlxx_hal_rcc.o
 .text.LL_RCC_GetAHB3Prescaler
                0x0000000008002a6e       0x1a ./Drivers/STM32WLxx_HAL_Driver/Src/stm32wlxx_hal_rcc.o
 .text.LL_RCC_GetAPB1Prescaler
                0x0000000008002a88       0x16 ./Drivers/STM32WLxx_HAL_Driver/Src/stm32wlxx_hal_rcc.o
 .text.LL_RCC_GetAPB2Prescaler
                0x0000000008002a9e       0x16 ./Drivers/STM32WLxx_HAL_Driver/Src/stm32wlxx_hal_rcc.o
 .text.LL_RCC_PLL_Enable
                0x0000000008002ab4       0x1c ./Drivers/STM32WLxx_HAL_Driver/Src/stm32wlxx_hal_rcc.o
 .text.LL_RCC_PLL_Disable
                0x0000000008002ad0       0x1c ./Drivers/STM32WLxx_HAL_Driver/Src/stm32wlxx_hal_rcc.o
 .text.LL_RCC_PLL_IsReady
                0x0000000008002aec       0x22 ./Drivers/STM32WLxx_HAL_Driver/Src/stm32wlxx_hal_rcc.o
 .text.LL_RCC_PLL_GetN
                0x0000000008002b0e       0x18 ./Drivers/STM32WLxx_HAL_Driver/Src/stm32wlxx_hal_rcc.o
 .text.LL_RCC_PLL_GetR
                0x0000000008002b26       0x16 ./Drivers/STM32WLxx_HAL_Driver/Src/stm32wlxx_hal_rcc.o
 .text.LL_RCC_PLL_GetDivider
                0x0000000008002b3c       0x16 ./Drivers/STM32WLxx_HAL_Driver/Src/stm32wlxx_hal_rcc.o
 .text.LL_RCC_PLL_GetMainSource
                0x0000000008002b52       0x16 ./Drivers/STM32WLxx_HAL_Driver/Src/stm32wlxx_hal_rcc.o
 .text.LL_RCC_IsActiveFlag_HPRE
                0x0000000008002b68       0x22 ./Drivers/STM32WLxx_HAL_Driver/Src/stm32wlxx_hal_rcc.o
 .text.LL_RCC_IsActiveFlag_C2HPRE
                0x0000000008002b8a       0x24 ./Drivers/STM32WLxx_HAL_Driver/Src/stm32wlxx_hal_rcc.o
 .text.LL_RCC_IsActiveFlag_SHDHPRE
                0x0000000008002bae       0x24 ./Drivers/STM32WLxx_HAL_Driver/Src/stm32wlxx_hal_rcc.o
 .text.LL_RCC_IsActiveFlag_PPRE1
                0x0000000008002bd2       0x22 ./Drivers/STM32WLxx_HAL_Driver/Src/stm32wlxx_hal_rcc.o
 .text.LL_RCC_IsActiveFlag_PPRE2
                0x0000000008002bf4       0x22 ./Drivers/STM32WLxx_HAL_Driver/Src/stm32wlxx_hal_rcc.o
 *fill*         0x0000000008002c16        0x2 
 .text.HAL_RCC_OscConfig
                0x0000000008002c18      0x704 ./Drivers/STM32WLxx_HAL_Driver/Src/stm32wlxx_hal_rcc.o
                0x0000000008002c18                HAL_RCC_OscConfig
 .text.HAL_RCC_ClockConfig
                0x000000000800331c      0x284 ./Drivers/STM32WLxx_HAL_Driver/Src/stm32wlxx_hal_rcc.o
                0x000000000800331c                HAL_RCC_ClockConfig
 .text.HAL_RCC_GetSysClockFreq
                0x00000000080035a0      0x140 ./Drivers/STM32WLxx_HAL_Driver/Src/stm32wlxx_hal_rcc.o
                0x00000000080035a0                HAL_RCC_GetSysClockFreq
 .text.HAL_RCC_GetHCLKFreq
                0x00000000080036e0       0x28 ./Drivers/STM32WLxx_HAL_Driver/Src/stm32wlxx_hal_rcc.o
                0x00000000080036e0                HAL_RCC_GetHCLKFreq
 .text.HAL_RCC_GetPCLK1Freq
                0x0000000008003708       0x24 ./Drivers/STM32WLxx_HAL_Driver/Src/stm32wlxx_hal_rcc.o
                0x0000000008003708                HAL_RCC_GetPCLK1Freq
 .text.HAL_RCC_GetPCLK2Freq
                0x000000000800372c       0x24 ./Drivers/STM32WLxx_HAL_Driver/Src/stm32wlxx_hal_rcc.o
                0x000000000800372c                HAL_RCC_GetPCLK2Freq
 .text.RCC_SetFlashLatencyFromMSIRange
                0x0000000008003750       0x60 ./Drivers/STM32WLxx_HAL_Driver/Src/stm32wlxx_hal_rcc.o
 .text.RCC_SetFlashLatency
                0x00000000080037b0      0x104 ./Drivers/STM32WLxx_HAL_Driver/Src/stm32wlxx_hal_rcc.o
 .text.LL_RCC_LSE_IsReady
                0x00000000080038b4       0x22 ./Drivers/STM32WLxx_HAL_Driver/Src/stm32wlxx_hal_rcc_ex.o
 .text.LL_RCC_SetUSARTClockSource
                0x00000000080038d6       0x30 ./Drivers/STM32WLxx_HAL_Driver/Src/stm32wlxx_hal_rcc_ex.o
 .text.LL_RCC_SetI2SClockSource
                0x0000000008003906       0x2a ./Drivers/STM32WLxx_HAL_Driver/Src/stm32wlxx_hal_rcc_ex.o
 .text.LL_RCC_SetLPUARTClockSource
                0x0000000008003930       0x2a ./Drivers/STM32WLxx_HAL_Driver/Src/stm32wlxx_hal_rcc_ex.o
 .text.LL_RCC_SetI2CClockSource
                0x000000000800395a       0x38 ./Drivers/STM32WLxx_HAL_Driver/Src/stm32wlxx_hal_rcc_ex.o
 .text.LL_RCC_SetLPTIMClockSource
                0x0000000008003992       0x32 ./Drivers/STM32WLxx_HAL_Driver/Src/stm32wlxx_hal_rcc_ex.o
 .text.LL_RCC_SetRNGClockSource
                0x00000000080039c4       0x2a ./Drivers/STM32WLxx_HAL_Driver/Src/stm32wlxx_hal_rcc_ex.o
 .text.LL_RCC_SetADCClockSource
                0x00000000080039ee       0x2a ./Drivers/STM32WLxx_HAL_Driver/Src/stm32wlxx_hal_rcc_ex.o
 .text.LL_RCC_SetRTCClockSource
                0x0000000008003a18       0x2a ./Drivers/STM32WLxx_HAL_Driver/Src/stm32wlxx_hal_rcc_ex.o
 .text.LL_RCC_GetRTCClockSource
                0x0000000008003a42       0x18 ./Drivers/STM32WLxx_HAL_Driver/Src/stm32wlxx_hal_rcc_ex.o
 .text.LL_RCC_ForceBackupDomainReset
                0x0000000008003a5a       0x20 ./Drivers/STM32WLxx_HAL_Driver/Src/stm32wlxx_hal_rcc_ex.o
 .text.LL_RCC_ReleaseBackupDomainReset
                0x0000000008003a7a       0x20 ./Drivers/STM32WLxx_HAL_Driver/Src/stm32wlxx_hal_rcc_ex.o
 *fill*         0x0000000008003a9a        0x2 
 .text.HAL_RCCEx_PeriphCLKConfig
                0x0000000008003a9c      0x234 ./Drivers/STM32WLxx_HAL_Driver/Src/stm32wlxx_hal_rcc_ex.o
                0x0000000008003a9c                HAL_RCCEx_PeriphCLKConfig
 .text.LL_PWR_SetRadioBusyTrigger
                0x0000000008003cd0       0x28 ./Drivers/STM32WLxx_HAL_Driver/Src/stm32wlxx_hal_subghz.o
 .text.LL_PWR_UnselectSUBGHZSPI_NSS
                0x0000000008003cf8       0x20 ./Drivers/STM32WLxx_HAL_Driver/Src/stm32wlxx_hal_subghz.o
 .text.LL_PWR_SelectSUBGHZSPI_NSS
                0x0000000008003d18       0x20 ./Drivers/STM32WLxx_HAL_Driver/Src/stm32wlxx_hal_subghz.o
 .text.LL_PWR_ClearFlag_RFBUSY
                0x0000000008003d38       0x18 ./Drivers/STM32WLxx_HAL_Driver/Src/stm32wlxx_hal_subghz.o
 .text.LL_PWR_IsActiveFlag_RFBUSYS
                0x0000000008003d50       0x24 ./Drivers/STM32WLxx_HAL_Driver/Src/stm32wlxx_hal_subghz.o
 .text.LL_PWR_IsActiveFlag_RFBUSYMS
                0x0000000008003d74       0x24 ./Drivers/STM32WLxx_HAL_Driver/Src/stm32wlxx_hal_subghz.o
 .text.LL_RCC_RF_DisableReset
                0x0000000008003d98       0x20 ./Drivers/STM32WLxx_HAL_Driver/Src/stm32wlxx_hal_subghz.o
 .text.LL_RCC_IsRFUnderReset
                0x0000000008003db8       0x24 ./Drivers/STM32WLxx_HAL_Driver/Src/stm32wlxx_hal_subghz.o
 .text.LL_EXTI_EnableIT_32_63
                0x0000000008003ddc       0x28 ./Drivers/STM32WLxx_HAL_Driver/Src/stm32wlxx_hal_subghz.o
 .text.HAL_SUBGHZ_Init
                0x0000000008003e04       0xc8 ./Drivers/STM32WLxx_HAL_Driver/Src/stm32wlxx_hal_subghz.o
                0x0000000008003e04                HAL_SUBGHZ_Init
 .text.HAL_SUBGHZ_WriteRegisters
                0x0000000008003ecc       0xbe ./Drivers/STM32WLxx_HAL_Driver/Src/stm32wlxx_hal_subghz.o
                0x0000000008003ecc                HAL_SUBGHZ_WriteRegisters
 .text.HAL_SUBGHZ_ReadRegisters
                0x0000000008003f8a       0xc2 ./Drivers/STM32WLxx_HAL_Driver/Src/stm32wlxx_hal_subghz.o
                0x0000000008003f8a                HAL_SUBGHZ_ReadRegisters
 .text.HAL_SUBGHZ_ExecSetCmd
                0x000000000800404c       0xbe ./Drivers/STM32WLxx_HAL_Driver/Src/stm32wlxx_hal_subghz.o
                0x000000000800404c                HAL_SUBGHZ_ExecSetCmd
 .text.HAL_SUBGHZ_ExecGetCmd
                0x000000000800410a       0xa8 ./Drivers/STM32WLxx_HAL_Driver/Src/stm32wlxx_hal_subghz.o
                0x000000000800410a                HAL_SUBGHZ_ExecGetCmd
 .text.HAL_SUBGHZ_WriteBuffer
                0x00000000080041b2       0xa6 ./Drivers/STM32WLxx_HAL_Driver/Src/stm32wlxx_hal_subghz.o
                0x00000000080041b2                HAL_SUBGHZ_WriteBuffer
 .text.HAL_SUBGHZ_ReadBuffer
                0x0000000008004258       0xb0 ./Drivers/STM32WLxx_HAL_Driver/Src/stm32wlxx_hal_subghz.o
                0x0000000008004258                HAL_SUBGHZ_ReadBuffer
 .text.HAL_SUBGHZ_IRQHandler
                0x0000000008004308       0xfa ./Drivers/STM32WLxx_HAL_Driver/Src/stm32wlxx_hal_subghz.o
                0x0000000008004308                HAL_SUBGHZ_IRQHandler
 *fill*         0x0000000008004402        0x2 
 .text.SUBGHZSPI_Init
                0x0000000008004404       0x40 ./Drivers/STM32WLxx_HAL_Driver/Src/stm32wlxx_hal_subghz.o
                0x0000000008004404                SUBGHZSPI_Init
 .text.SUBGHZSPI_Transmit
                0x0000000008004444       0xac ./Drivers/STM32WLxx_HAL_Driver/Src/stm32wlxx_hal_subghz.o
                0x0000000008004444                SUBGHZSPI_Transmit
 .text.SUBGHZSPI_Receive
                0x00000000080044f0       0xb0 ./Drivers/STM32WLxx_HAL_Driver/Src/stm32wlxx_hal_subghz.o
                0x00000000080044f0                SUBGHZSPI_Receive
 .text.SUBGHZ_CheckDeviceReady
                0x00000000080045a0       0x48 ./Drivers/STM32WLxx_HAL_Driver/Src/stm32wlxx_hal_subghz.o
                0x00000000080045a0                SUBGHZ_CheckDeviceReady
 .text.SUBGHZ_WaitOnBusy
                0x00000000080045e8       0x5c ./Drivers/STM32WLxx_HAL_Driver/Src/stm32wlxx_hal_subghz.o
                0x00000000080045e8                SUBGHZ_WaitOnBusy
 .text.HAL_TIM_Base_Init
                0x0000000008004644       0xae ./Drivers/STM32WLxx_HAL_Driver/Src/stm32wlxx_hal_tim.o
                0x0000000008004644                HAL_TIM_Base_Init
 *fill*         0x00000000080046f2        0x2 
 .text.HAL_TIM_Base_Start
                0x00000000080046f4       0x88 ./Drivers/STM32WLxx_HAL_Driver/Src/stm32wlxx_hal_tim.o
                0x00000000080046f4                HAL_TIM_Base_Start
 .text.HAL_TIM_IRQHandler
                0x000000000800477c      0x23e ./Drivers/STM32WLxx_HAL_Driver/Src/stm32wlxx_hal_tim.o
                0x000000000800477c                HAL_TIM_IRQHandler
 .text.HAL_TIM_ConfigClockSource
                0x00000000080049ba      0x192 ./Drivers/STM32WLxx_HAL_Driver/Src/stm32wlxx_hal_tim.o
                0x00000000080049ba                HAL_TIM_ConfigClockSource
 .text.HAL_TIM_PeriodElapsedCallback
                0x0000000008004b4c       0x12 ./Drivers/STM32WLxx_HAL_Driver/Src/stm32wlxx_hal_tim.o
                0x0000000008004b4c                HAL_TIM_PeriodElapsedCallback
 .text.HAL_TIM_OC_DelayElapsedCallback
                0x0000000008004b5e       0x12 ./Drivers/STM32WLxx_HAL_Driver/Src/stm32wlxx_hal_tim.o
                0x0000000008004b5e                HAL_TIM_OC_DelayElapsedCallback
 .text.HAL_TIM_IC_CaptureCallback
                0x0000000008004b70       0x12 ./Drivers/STM32WLxx_HAL_Driver/Src/stm32wlxx_hal_tim.o
                0x0000000008004b70                HAL_TIM_IC_CaptureCallback
 .text.HAL_TIM_PWM_PulseFinishedCallback
                0x0000000008004b82       0x12 ./Drivers/STM32WLxx_HAL_Driver/Src/stm32wlxx_hal_tim.o
                0x0000000008004b82                HAL_TIM_PWM_PulseFinishedCallback
 .text.HAL_TIM_TriggerCallback
                0x0000000008004b94       0x12 ./Drivers/STM32WLxx_HAL_Driver/Src/stm32wlxx_hal_tim.o
                0x0000000008004b94                HAL_TIM_TriggerCallback
 *fill*         0x0000000008004ba6        0x2 
 .text.TIM_Base_SetConfig
                0x0000000008004ba8       0xc4 ./Drivers/STM32WLxx_HAL_Driver/Src/stm32wlxx_hal_tim.o
                0x0000000008004ba8                TIM_Base_SetConfig
 .text.TIM_TI1_ConfigInputStage
                0x0000000008004c6c       0x5c ./Drivers/STM32WLxx_HAL_Driver/Src/stm32wlxx_hal_tim.o
 .text.TIM_TI2_ConfigInputStage
                0x0000000008004cc8       0x5e ./Drivers/STM32WLxx_HAL_Driver/Src/stm32wlxx_hal_tim.o
 .text.TIM_ITRx_SetConfig
                0x0000000008004d26       0x38 ./Drivers/STM32WLxx_HAL_Driver/Src/stm32wlxx_hal_tim.o
 .text.TIM_ETR_SetConfig
                0x0000000008004d5e       0x3e ./Drivers/STM32WLxx_HAL_Driver/Src/stm32wlxx_hal_tim.o
                0x0000000008004d5e                TIM_ETR_SetConfig
 .text.HAL_TIMEx_MasterConfigSynchronization
                0x0000000008004d9c       0xbc ./Drivers/STM32WLxx_HAL_Driver/Src/stm32wlxx_hal_tim_ex.o
                0x0000000008004d9c                HAL_TIMEx_MasterConfigSynchronization
 .text.HAL_TIMEx_CommutCallback
                0x0000000008004e58       0x12 ./Drivers/STM32WLxx_HAL_Driver/Src/stm32wlxx_hal_tim_ex.o
                0x0000000008004e58                HAL_TIMEx_CommutCallback
 .text.HAL_TIMEx_BreakCallback
                0x0000000008004e6a       0x12 ./Drivers/STM32WLxx_HAL_Driver/Src/stm32wlxx_hal_tim_ex.o
                0x0000000008004e6a                HAL_TIMEx_BreakCallback
 .text.HAL_TIMEx_Break2Callback
                0x0000000008004e7c       0x12 ./Drivers/STM32WLxx_HAL_Driver/Src/stm32wlxx_hal_tim_ex.o
                0x0000000008004e7c                HAL_TIMEx_Break2Callback
 .text.LL_RCC_GetUSARTClockSource
                0x0000000008004e8e       0x24 ./Drivers/STM32WLxx_HAL_Driver/Src/stm32wlxx_hal_uart.o
 .text.LL_RCC_GetLPUARTClockSource
                0x0000000008004eb2       0x1e ./Drivers/STM32WLxx_HAL_Driver/Src/stm32wlxx_hal_uart.o
 .text.HAL_UART_Init
                0x0000000008004ed0       0xa0 ./Drivers/STM32WLxx_HAL_Driver/Src/stm32wlxx_hal_uart.o
                0x0000000008004ed0                HAL_UART_Init
 .text.HAL_UART_Transmit
                0x0000000008004f70      0x10c ./Drivers/STM32WLxx_HAL_Driver/Src/stm32wlxx_hal_uart.o
                0x0000000008004f70                HAL_UART_Transmit
 .text.HAL_UART_Receive_DMA
                0x000000000800507c       0x98 ./Drivers/STM32WLxx_HAL_Driver/Src/stm32wlxx_hal_uart.o
                0x000000000800507c                HAL_UART_Receive_DMA
 .text.HAL_UART_IRQHandler
                0x0000000008005114      0x648 ./Drivers/STM32WLxx_HAL_Driver/Src/stm32wlxx_hal_uart.o
                0x0000000008005114                HAL_UART_IRQHandler
 .text.HAL_UART_TxCpltCallback
                0x000000000800575c       0x12 ./Drivers/STM32WLxx_HAL_Driver/Src/stm32wlxx_hal_uart.o
                0x000000000800575c                HAL_UART_TxCpltCallback
 .text.HAL_UART_RxHalfCpltCallback
                0x000000000800576e       0x12 ./Drivers/STM32WLxx_HAL_Driver/Src/stm32wlxx_hal_uart.o
                0x000000000800576e                HAL_UART_RxHalfCpltCallback
 .text.HAL_UART_ErrorCallback
                0x0000000008005780       0x12 ./Drivers/STM32WLxx_HAL_Driver/Src/stm32wlxx_hal_uart.o
                0x0000000008005780                HAL_UART_ErrorCallback
 .text.HAL_UARTEx_RxEventCallback
                0x0000000008005792       0x16 ./Drivers/STM32WLxx_HAL_Driver/Src/stm32wlxx_hal_uart.o
                0x0000000008005792                HAL_UARTEx_RxEventCallback
 .text.UART_SetConfig
                0x00000000080057a8      0x4e8 ./Drivers/STM32WLxx_HAL_Driver/Src/stm32wlxx_hal_uart.o
                0x00000000080057a8                UART_SetConfig
 .text.UART_AdvFeatureConfig
                0x0000000008005c90      0x142 ./Drivers/STM32WLxx_HAL_Driver/Src/stm32wlxx_hal_uart.o
                0x0000000008005c90                UART_AdvFeatureConfig
 .text.UART_CheckIdleState
                0x0000000008005dd2       0x9c ./Drivers/STM32WLxx_HAL_Driver/Src/stm32wlxx_hal_uart.o
                0x0000000008005dd2                UART_CheckIdleState
 .text.UART_WaitOnFlagUntilTimeout
                0x0000000008005e6e      0x190 ./Drivers/STM32WLxx_HAL_Driver/Src/stm32wlxx_hal_uart.o
                0x0000000008005e6e                UART_WaitOnFlagUntilTimeout
 *fill*         0x0000000008005ffe        0x2 
 .text.UART_Start_Receive_DMA
                0x0000000008006000      0x14c ./Drivers/STM32WLxx_HAL_Driver/Src/stm32wlxx_hal_uart.o
                0x0000000008006000                UART_Start_Receive_DMA
 .text.UART_EndTxTransfer
                0x000000000800614c       0x80 ./Drivers/STM32WLxx_HAL_Driver/Src/stm32wlxx_hal_uart.o
 .text.UART_EndRxTransfer
                0x00000000080061cc       0xca ./Drivers/STM32WLxx_HAL_Driver/Src/stm32wlxx_hal_uart.o
 .text.UART_DMAReceiveCplt
                0x0000000008006296      0x12c ./Drivers/STM32WLxx_HAL_Driver/Src/stm32wlxx_hal_uart.o
 .text.UART_DMARxHalfCplt
                0x00000000080063c2       0x3e ./Drivers/STM32WLxx_HAL_Driver/Src/stm32wlxx_hal_uart.o
 .text.UART_DMAError
                0x0000000008006400       0x80 ./Drivers/STM32WLxx_HAL_Driver/Src/stm32wlxx_hal_uart.o
 .text.UART_DMAAbortOnError
                0x0000000008006480       0x2c ./Drivers/STM32WLxx_HAL_Driver/Src/stm32wlxx_hal_uart.o
 .text.UART_EndTransmit_IT
                0x00000000080064ac       0x56 ./Drivers/STM32WLxx_HAL_Driver/Src/stm32wlxx_hal_uart.o
 .text.HAL_UARTEx_WakeupCallback
                0x0000000008006502       0x12 ./Drivers/STM32WLxx_HAL_Driver/Src/stm32wlxx_hal_uart_ex.o
                0x0000000008006502                HAL_UARTEx_WakeupCallback
 .text.HAL_UARTEx_RxFifoFullCallback
                0x0000000008006514       0x12 ./Drivers/STM32WLxx_HAL_Driver/Src/stm32wlxx_hal_uart_ex.o
                0x0000000008006514                HAL_UARTEx_RxFifoFullCallback
 .text.HAL_UARTEx_TxFifoEmptyCallback
                0x0000000008006526       0x12 ./Drivers/STM32WLxx_HAL_Driver/Src/stm32wlxx_hal_uart_ex.o
                0x0000000008006526                HAL_UARTEx_TxFifoEmptyCallback
 .text.HAL_UARTEx_DisableFifoMode
                0x0000000008006538       0x70 ./Drivers/STM32WLxx_HAL_Driver/Src/stm32wlxx_hal_uart_ex.o
                0x0000000008006538                HAL_UARTEx_DisableFifoMode
 .text.HAL_UARTEx_SetTxFifoThreshold
                0x00000000080065a8       0x7c ./Drivers/STM32WLxx_HAL_Driver/Src/stm32wlxx_hal_uart_ex.o
                0x00000000080065a8                HAL_UARTEx_SetTxFifoThreshold
 .text.HAL_UARTEx_SetRxFifoThreshold
                0x0000000008006624       0x7c ./Drivers/STM32WLxx_HAL_Driver/Src/stm32wlxx_hal_uart_ex.o
                0x0000000008006624                HAL_UARTEx_SetRxFifoThreshold
 .text.UARTEx_SetNbDataToProcess
                0x00000000080066a0       0x98 ./Drivers/STM32WLxx_HAL_Driver/Src/stm32wlxx_hal_uart_ex.o
 .text.RadioInit
                0x0000000008006738       0xb8 ./Middlewares/Third_Party/SubGHz_Phy/stm32_radio_driver/radio.o
 .text.RadioGetStatus
                0x00000000080067f0       0x2e ./Middlewares/Third_Party/SubGHz_Phy/stm32_radio_driver/radio.o
 *fill*         0x000000000800681e        0x2 
 .text.RadioSetModem
                0x0000000008006820       0xb8 ./Middlewares/Third_Party/SubGHz_Phy/stm32_radio_driver/radio.o
 .text.RadioSetChannel
                0x00000000080068d8       0x16 ./Middlewares/Third_Party/SubGHz_Phy/stm32_radio_driver/radio.o
 .text.RadioIsChannelFree
                0x00000000080068ee       0xb4 ./Middlewares/Third_Party/SubGHz_Phy/stm32_radio_driver/radio.o
 .text.RadioRandom
                0x00000000080069a2       0x26 ./Middlewares/Third_Party/SubGHz_Phy/stm32_radio_driver/radio.o
 .text.RadioSetRxConfig
                0x00000000080069c8      0x418 ./Middlewares/Third_Party/SubGHz_Phy/stm32_radio_driver/radio.o
 .text.RadioSetTxConfig
                0x0000000008006de0      0x224 ./Middlewares/Third_Party/SubGHz_Phy/stm32_radio_driver/radio.o
 .text.RadioCheckRfFrequency
                0x0000000008007004       0x14 ./Middlewares/Third_Party/SubGHz_Phy/stm32_radio_driver/radio.o
 .text.RadioGetLoRaBandwidthInHz
                0x0000000008007018       0xac ./Middlewares/Third_Party/SubGHz_Phy/stm32_radio_driver/radio.o
 .text.RadioGetGfskTimeOnAirNumerator
                0x00000000080070c4       0x54 ./Middlewares/Third_Party/SubGHz_Phy/stm32_radio_driver/radio.o
 .text.RadioGetLoRaTimeOnAirNumerator
                0x0000000008007118      0x102 ./Middlewares/Third_Party/SubGHz_Phy/stm32_radio_driver/radio.o
 *fill*         0x000000000800721a        0x2 
 .text.RadioTimeOnAir
                0x000000000800721c       0xb0 ./Middlewares/Third_Party/SubGHz_Phy/stm32_radio_driver/radio.o
 .text.RadioSend
                0x00000000080072cc      0x1f0 ./Middlewares/Third_Party/SubGHz_Phy/stm32_radio_driver/radio.o
 .text.RadioSleep
                0x00000000080074bc       0x26 ./Middlewares/Third_Party/SubGHz_Phy/stm32_radio_driver/radio.o
 .text.RadioStandby
                0x00000000080074e2        0xe ./Middlewares/Third_Party/SubGHz_Phy/stm32_radio_driver/radio.o
 .text.RadioRx  0x00000000080074f0       0x80 ./Middlewares/Third_Party/SubGHz_Phy/stm32_radio_driver/radio.o
 .text.RadioRxBoosted
                0x0000000008007570       0x80 ./Middlewares/Third_Party/SubGHz_Phy/stm32_radio_driver/radio.o
 .text.RadioSetRxDutyCycle
                0x00000000080075f0       0x48 ./Middlewares/Third_Party/SubGHz_Phy/stm32_radio_driver/radio.o
 .text.RadioStartCad
                0x0000000008007638       0x30 ./Middlewares/Third_Party/SubGHz_Phy/stm32_radio_driver/radio.o
 .text.RadioSetTxContinuousWave
                0x0000000008007668       0x64 ./Middlewares/Third_Party/SubGHz_Phy/stm32_radio_driver/radio.o
 .text.RadioRssi
                0x00000000080076cc       0x1a ./Middlewares/Third_Party/SubGHz_Phy/stm32_radio_driver/radio.o
 .text.RadioWrite
                0x00000000080076e6       0x24 ./Middlewares/Third_Party/SubGHz_Phy/stm32_radio_driver/radio.o
 .text.RadioRead
                0x000000000800770a       0x1c ./Middlewares/Third_Party/SubGHz_Phy/stm32_radio_driver/radio.o
 .text.RadioWriteRegisters
                0x0000000008007726       0x26 ./Middlewares/Third_Party/SubGHz_Phy/stm32_radio_driver/radio.o
 .text.RadioReadRegisters
                0x000000000800774c       0x26 ./Middlewares/Third_Party/SubGHz_Phy/stm32_radio_driver/radio.o
 *fill*         0x0000000008007772        0x2 
 .text.RadioSetMaxPayloadLength
                0x0000000008007774       0x5c ./Middlewares/Third_Party/SubGHz_Phy/stm32_radio_driver/radio.o
 .text.RadioSetPublicNetwork
                0x00000000080077d0       0x5c ./Middlewares/Third_Party/SubGHz_Phy/stm32_radio_driver/radio.o
 .text.RadioGetWakeupTime
                0x000000000800782c       0x10 ./Middlewares/Third_Party/SubGHz_Phy/stm32_radio_driver/radio.o
 .text.RadioOnTxTimeoutIrq
                0x000000000800783c       0x14 ./Middlewares/Third_Party/SubGHz_Phy/stm32_radio_driver/radio.o
 .text.RadioOnRxTimeoutIrq
                0x0000000008007850       0x14 ./Middlewares/Third_Party/SubGHz_Phy/stm32_radio_driver/radio.o
 .text.RadioOnTxTimeoutProcess
                0x0000000008007864       0x28 ./Middlewares/Third_Party/SubGHz_Phy/stm32_radio_driver/radio.o
 .text.RadioOnRxTimeoutProcess
                0x000000000800788c       0x28 ./Middlewares/Third_Party/SubGHz_Phy/stm32_radio_driver/radio.o
 .text.RadioOnDioIrq
                0x00000000080078b4       0x24 ./Middlewares/Third_Party/SubGHz_Phy/stm32_radio_driver/radio.o
 .text.RadioIrqProcess
                0x00000000080078d8      0x3e8 ./Middlewares/Third_Party/SubGHz_Phy/stm32_radio_driver/radio.o
 .text.RadioTxPrbs
                0x0000000008007cc0       0x38 ./Middlewares/Third_Party/SubGHz_Phy/stm32_radio_driver/radio.o
 .text.RadioTxCw
                0x0000000008007cf8       0x38 ./Middlewares/Third_Party/SubGHz_Phy/stm32_radio_driver/radio.o
 .text.payload_integration
                0x0000000008007d30      0x120 ./Middlewares/Third_Party/SubGHz_Phy/stm32_radio_driver/radio.o
 .text.RadioSetRxGenericConfig
                0x0000000008007e50      0x388 ./Middlewares/Third_Party/SubGHz_Phy/stm32_radio_driver/radio.o
 .text.RadioSetTxGenericConfig
                0x00000000080081d8      0x46c ./Middlewares/Third_Party/SubGHz_Phy/stm32_radio_driver/radio.o
 .text.RadioLrFhssSetCfg
                0x0000000008008644       0x18 ./Middlewares/Third_Party/SubGHz_Phy/stm32_radio_driver/radio.o
 .text.RadioLrFhssGetTimeOnAirInMs
                0x000000000800865c       0x16 ./Middlewares/Third_Party/SubGHz_Phy/stm32_radio_driver/radio.o
 *fill*         0x0000000008008672        0x2 
 .text.SUBGRF_Init
                0x0000000008008674       0x90 ./Middlewares/Third_Party/SubGHz_Phy/stm32_radio_driver/radio_driver.o
                0x0000000008008674                SUBGRF_Init
 .text.SUBGRF_GetOperatingMode
                0x0000000008008704       0x14 ./Middlewares/Third_Party/SubGHz_Phy/stm32_radio_driver/radio_driver.o
                0x0000000008008704                SUBGRF_GetOperatingMode
 .text.SUBGRF_SetPayload
                0x0000000008008718       0x20 ./Middlewares/Third_Party/SubGHz_Phy/stm32_radio_driver/radio_driver.o
                0x0000000008008718                SUBGRF_SetPayload
 .text.SUBGRF_GetPayload
                0x0000000008008738       0x44 ./Middlewares/Third_Party/SubGHz_Phy/stm32_radio_driver/radio_driver.o
                0x0000000008008738                SUBGRF_GetPayload
 .text.SUBGRF_SendPayload
                0x000000000800877c       0x26 ./Middlewares/Third_Party/SubGHz_Phy/stm32_radio_driver/radio_driver.o
                0x000000000800877c                SUBGRF_SendPayload
 .text.SUBGRF_SetSyncWord
                0x00000000080087a2       0x1e ./Middlewares/Third_Party/SubGHz_Phy/stm32_radio_driver/radio_driver.o
                0x00000000080087a2                SUBGRF_SetSyncWord
 .text.SUBGRF_SetCrcSeed
                0x00000000080087c0       0x40 ./Middlewares/Third_Party/SubGHz_Phy/stm32_radio_driver/radio_driver.o
                0x00000000080087c0                SUBGRF_SetCrcSeed
 .text.SUBGRF_SetCrcPolynomial
                0x0000000008008800       0x40 ./Middlewares/Third_Party/SubGHz_Phy/stm32_radio_driver/radio_driver.o
                0x0000000008008800                SUBGRF_SetCrcPolynomial
 .text.SUBGRF_SetWhiteningSeed
                0x0000000008008840       0x66 ./Middlewares/Third_Party/SubGHz_Phy/stm32_radio_driver/radio_driver.o
                0x0000000008008840                SUBGRF_SetWhiteningSeed
 .text.SUBGRF_GetRandom
                0x00000000080088a6       0x8c ./Middlewares/Third_Party/SubGHz_Phy/stm32_radio_driver/radio_driver.o
                0x00000000080088a6                SUBGRF_GetRandom
 *fill*         0x0000000008008932        0x2 
 .text.SUBGRF_SetSleep
                0x0000000008008934       0x64 ./Middlewares/Third_Party/SubGHz_Phy/stm32_radio_driver/radio_driver.o
                0x0000000008008934                SUBGRF_SetSleep
 .text.SUBGRF_SetStandby
                0x0000000008008998       0x38 ./Middlewares/Third_Party/SubGHz_Phy/stm32_radio_driver/radio_driver.o
                0x0000000008008998                SUBGRF_SetStandby
 .text.SUBGRF_SetTx
                0x00000000080089d0       0x40 ./Middlewares/Third_Party/SubGHz_Phy/stm32_radio_driver/radio_driver.o
                0x00000000080089d0                SUBGRF_SetTx
 .text.SUBGRF_SetRx
                0x0000000008008a10       0x40 ./Middlewares/Third_Party/SubGHz_Phy/stm32_radio_driver/radio_driver.o
                0x0000000008008a10                SUBGRF_SetRx
 .text.SUBGRF_SetRxBoosted
                0x0000000008008a50       0x48 ./Middlewares/Third_Party/SubGHz_Phy/stm32_radio_driver/radio_driver.o
                0x0000000008008a50                SUBGRF_SetRxBoosted
 .text.SUBGRF_SetRxDutyCycle
                0x0000000008008a98       0x58 ./Middlewares/Third_Party/SubGHz_Phy/stm32_radio_driver/radio_driver.o
                0x0000000008008a98                SUBGRF_SetRxDutyCycle
 .text.SUBGRF_SetCad
                0x0000000008008af0       0x1c ./Middlewares/Third_Party/SubGHz_Phy/stm32_radio_driver/radio_driver.o
                0x0000000008008af0                SUBGRF_SetCad
 .text.SUBGRF_SetTxContinuousWave
                0x0000000008008b0c       0x12 ./Middlewares/Third_Party/SubGHz_Phy/stm32_radio_driver/radio_driver.o
                0x0000000008008b0c                SUBGRF_SetTxContinuousWave
 .text.SUBGRF_SetTxInfinitePreamble
                0x0000000008008b1e       0x12 ./Middlewares/Third_Party/SubGHz_Phy/stm32_radio_driver/radio_driver.o
                0x0000000008008b1e                SUBGRF_SetTxInfinitePreamble
 .text.SUBGRF_SetStopRxTimerOnPreambleDetect
                0x0000000008008b30       0x1e ./Middlewares/Third_Party/SubGHz_Phy/stm32_radio_driver/radio_driver.o
                0x0000000008008b30                SUBGRF_SetStopRxTimerOnPreambleDetect
 .text.SUBGRF_SetLoRaSymbNumTimeout
                0x0000000008008b4e       0x5e ./Middlewares/Third_Party/SubGHz_Phy/stm32_radio_driver/radio_driver.o
                0x0000000008008b4e                SUBGRF_SetLoRaSymbNumTimeout
 .text.SUBGRF_SetRegulatorMode
                0x0000000008008bac       0x2e ./Middlewares/Third_Party/SubGHz_Phy/stm32_radio_driver/radio_driver.o
                0x0000000008008bac                SUBGRF_SetRegulatorMode
 .text.SUBGRF_Calibrate
                0x0000000008008bda       0x8c ./Middlewares/Third_Party/SubGHz_Phy/stm32_radio_driver/radio_driver.o
                0x0000000008008bda                SUBGRF_Calibrate
 *fill*         0x0000000008008c66        0x2 
 .text.SUBGRF_CalibrateImage
                0x0000000008008c68       0x94 ./Middlewares/Third_Party/SubGHz_Phy/stm32_radio_driver/radio_driver.o
                0x0000000008008c68                SUBGRF_CalibrateImage
 .text.SUBGRF_SetPaConfig
                0x0000000008008cfc       0x44 ./Middlewares/Third_Party/SubGHz_Phy/stm32_radio_driver/radio_driver.o
                0x0000000008008cfc                SUBGRF_SetPaConfig
 .text.SUBGRF_SetDioIrqParams
                0x0000000008008d40       0x74 ./Middlewares/Third_Party/SubGHz_Phy/stm32_radio_driver/radio_driver.o
                0x0000000008008d40                SUBGRF_SetDioIrqParams
 .text.SUBGRF_SetTcxoMode
                0x0000000008008db4       0x42 ./Middlewares/Third_Party/SubGHz_Phy/stm32_radio_driver/radio_driver.o
                0x0000000008008db4                SUBGRF_SetTcxoMode
 *fill*         0x0000000008008df6        0x2 
 .text.SUBGRF_SetRfFrequency
                0x0000000008008df8       0x8c ./Middlewares/Third_Party/SubGHz_Phy/stm32_radio_driver/radio_driver.o
                0x0000000008008df8                SUBGRF_SetRfFrequency
 .text.SUBGRF_SetPacketType
                0x0000000008008e84       0x38 ./Middlewares/Third_Party/SubGHz_Phy/stm32_radio_driver/radio_driver.o
                0x0000000008008e84                SUBGRF_SetPacketType
 .text.SUBGRF_GetPacketType
                0x0000000008008ebc       0x14 ./Middlewares/Third_Party/SubGHz_Phy/stm32_radio_driver/radio_driver.o
                0x0000000008008ebc                SUBGRF_GetPacketType
 .text.SUBGRF_SetTxParams
                0x0000000008008ed0      0x19a ./Middlewares/Third_Party/SubGHz_Phy/stm32_radio_driver/radio_driver.o
                0x0000000008008ed0                SUBGRF_SetTxParams
 *fill*         0x000000000800906a        0x2 
 .text.SUBGRF_SetModulationParams
                0x000000000800906c      0x1a4 ./Middlewares/Third_Party/SubGHz_Phy/stm32_radio_driver/radio_driver.o
                0x000000000800906c                SUBGRF_SetModulationParams
 .text.SUBGRF_SetPacketParams
                0x0000000008009210      0x13c ./Middlewares/Third_Party/SubGHz_Phy/stm32_radio_driver/radio_driver.o
                0x0000000008009210                SUBGRF_SetPacketParams
 .text.SUBGRF_SetBufferBaseAddress
                0x000000000800934c       0x2e ./Middlewares/Third_Party/SubGHz_Phy/stm32_radio_driver/radio_driver.o
                0x000000000800934c                SUBGRF_SetBufferBaseAddress
 .text.SUBGRF_GetRssiInst
                0x000000000800937a       0x2a ./Middlewares/Third_Party/SubGHz_Phy/stm32_radio_driver/radio_driver.o
                0x000000000800937a                SUBGRF_GetRssiInst
 .text.SUBGRF_GetRxBufferStatus
                0x00000000080093a4       0x58 ./Middlewares/Third_Party/SubGHz_Phy/stm32_radio_driver/radio_driver.o
                0x00000000080093a4                SUBGRF_GetRxBufferStatus
 .text.SUBGRF_GetPacketStatus
                0x00000000080093fc       0xa4 ./Middlewares/Third_Party/SubGHz_Phy/stm32_radio_driver/radio_driver.o
                0x00000000080093fc                SUBGRF_GetPacketStatus
 .text.SUBGRF_WriteRegister
                0x00000000080094a0       0x28 ./Middlewares/Third_Party/SubGHz_Phy/stm32_radio_driver/radio_driver.o
                0x00000000080094a0                SUBGRF_WriteRegister
 .text.SUBGRF_ReadRegister
                0x00000000080094c8       0x28 ./Middlewares/Third_Party/SubGHz_Phy/stm32_radio_driver/radio_driver.o
                0x00000000080094c8                SUBGRF_ReadRegister
 .text.SUBGRF_WriteRegisters
                0x00000000080094f0       0x44 ./Middlewares/Third_Party/SubGHz_Phy/stm32_radio_driver/radio_driver.o
                0x00000000080094f0                SUBGRF_WriteRegisters
 .text.SUBGRF_ReadRegisters
                0x0000000008009534       0x44 ./Middlewares/Third_Party/SubGHz_Phy/stm32_radio_driver/radio_driver.o
                0x0000000008009534                SUBGRF_ReadRegisters
 .text.SUBGRF_WriteBuffer
                0x0000000008009578       0x44 ./Middlewares/Third_Party/SubGHz_Phy/stm32_radio_driver/radio_driver.o
                0x0000000008009578                SUBGRF_WriteBuffer
 .text.SUBGRF_ReadBuffer
                0x00000000080095bc       0x44 ./Middlewares/Third_Party/SubGHz_Phy/stm32_radio_driver/radio_driver.o
                0x00000000080095bc                SUBGRF_ReadBuffer
 .text.SUBGRF_WriteCommand
                0x0000000008009600       0x44 ./Middlewares/Third_Party/SubGHz_Phy/stm32_radio_driver/radio_driver.o
                0x0000000008009600                SUBGRF_WriteCommand
 .text.SUBGRF_ReadCommand
                0x0000000008009644       0x44 ./Middlewares/Third_Party/SubGHz_Phy/stm32_radio_driver/radio_driver.o
                0x0000000008009644                SUBGRF_ReadCommand
 .text.SUBGRF_SetSwitch
                0x0000000008009688       0x50 ./Middlewares/Third_Party/SubGHz_Phy/stm32_radio_driver/radio_driver.o
                0x0000000008009688                SUBGRF_SetSwitch
 .text.SUBGRF_SetRfTxPower
                0x00000000080096d8       0x68 ./Middlewares/Third_Party/SubGHz_Phy/stm32_radio_driver/radio_driver.o
                0x00000000080096d8                SUBGRF_SetRfTxPower
 .text.SUBGRF_GetRadioWakeUpTime
                0x0000000008009740        0xe ./Middlewares/Third_Party/SubGHz_Phy/stm32_radio_driver/radio_driver.o
                0x0000000008009740                SUBGRF_GetRadioWakeUpTime
 *fill*         0x000000000800974e        0x2 
 .text.HAL_SUBGHZ_TxCpltCallback
                0x0000000008009750       0x1c ./Middlewares/Third_Party/SubGHz_Phy/stm32_radio_driver/radio_driver.o
                0x0000000008009750                HAL_SUBGHZ_TxCpltCallback
 .text.HAL_SUBGHZ_RxCpltCallback
                0x000000000800976c       0x1c ./Middlewares/Third_Party/SubGHz_Phy/stm32_radio_driver/radio_driver.o
                0x000000000800976c                HAL_SUBGHZ_RxCpltCallback
 .text.HAL_SUBGHZ_CRCErrorCallback
                0x0000000008009788       0x1c ./Middlewares/Third_Party/SubGHz_Phy/stm32_radio_driver/radio_driver.o
                0x0000000008009788                HAL_SUBGHZ_CRCErrorCallback
 .text.HAL_SUBGHZ_CADStatusCallback
                0x00000000080097a4       0x3c ./Middlewares/Third_Party/SubGHz_Phy/stm32_radio_driver/radio_driver.o
                0x00000000080097a4                HAL_SUBGHZ_CADStatusCallback
 .text.HAL_SUBGHZ_RxTxTimeoutCallback
                0x00000000080097e0       0x20 ./Middlewares/Third_Party/SubGHz_Phy/stm32_radio_driver/radio_driver.o
                0x00000000080097e0                HAL_SUBGHZ_RxTxTimeoutCallback
 .text.HAL_SUBGHZ_HeaderErrorCallback
                0x0000000008009800       0x1c ./Middlewares/Third_Party/SubGHz_Phy/stm32_radio_driver/radio_driver.o
                0x0000000008009800                HAL_SUBGHZ_HeaderErrorCallback
 .text.HAL_SUBGHZ_PreambleDetectedCallback
                0x000000000800981c       0x1c ./Middlewares/Third_Party/SubGHz_Phy/stm32_radio_driver/radio_driver.o
                0x000000000800981c                HAL_SUBGHZ_PreambleDetectedCallback
 .text.HAL_SUBGHZ_SyncWordValidCallback
                0x0000000008009838       0x1c ./Middlewares/Third_Party/SubGHz_Phy/stm32_radio_driver/radio_driver.o
                0x0000000008009838                HAL_SUBGHZ_SyncWordValidCallback
 .text.HAL_SUBGHZ_HeaderValidCallback
                0x0000000008009854       0x1c ./Middlewares/Third_Party/SubGHz_Phy/stm32_radio_driver/radio_driver.o
                0x0000000008009854                HAL_SUBGHZ_HeaderValidCallback
 .text.HAL_SUBGHZ_LrFhssHopCallback
                0x0000000008009870       0x20 ./Middlewares/Third_Party/SubGHz_Phy/stm32_radio_driver/radio_driver.o
                0x0000000008009870                HAL_SUBGHZ_LrFhssHopCallback
 .text.Radio_SMPS_Set
                0x0000000008009890       0x42 ./Middlewares/Third_Party/SubGHz_Phy/stm32_radio_driver/radio_driver.o
 *fill*         0x00000000080098d2        0x2 
 .text.SUBGRF_GetFskBandwidthRegValue
                0x00000000080098d4       0x50 ./Middlewares/Third_Party/SubGHz_Phy/stm32_radio_driver/radio_driver.o
                0x00000000080098d4                SUBGRF_GetFskBandwidthRegValue
 .text.SUBGRF_GetCFO
                0x0000000008009924       0xe8 ./Middlewares/Third_Party/SubGHz_Phy/stm32_radio_driver/radio_driver.o
                0x0000000008009924                SUBGRF_GetCFO
 .text.RFW_TransmitLongPacket
                0x0000000008009a0c       0x24 ./Middlewares/Third_Party/SubGHz_Phy/stm32_radio_driver/radio_fw.o
                0x0000000008009a0c                RFW_TransmitLongPacket
 .text.RFW_ReceiveLongPacket
                0x0000000008009a30       0x24 ./Middlewares/Third_Party/SubGHz_Phy/stm32_radio_driver/radio_fw.o
                0x0000000008009a30                RFW_ReceiveLongPacket
 .text.RFW_Init
                0x0000000008009a54       0x1a ./Middlewares/Third_Party/SubGHz_Phy/stm32_radio_driver/radio_fw.o
                0x0000000008009a54                RFW_Init
 .text.RFW_DeInit
                0x0000000008009a6e        0xc ./Middlewares/Third_Party/SubGHz_Phy/stm32_radio_driver/radio_fw.o
                0x0000000008009a6e                RFW_DeInit
 .text.RFW_Is_Init
                0x0000000008009a7a        0xe ./Middlewares/Third_Party/SubGHz_Phy/stm32_radio_driver/radio_fw.o
                0x0000000008009a7a                RFW_Is_Init
 .text.RFW_Is_LongPacketModeEnabled
                0x0000000008009a88        0xe ./Middlewares/Third_Party/SubGHz_Phy/stm32_radio_driver/radio_fw.o
                0x0000000008009a88                RFW_Is_LongPacketModeEnabled
 .text.RFW_SetAntSwitch
                0x0000000008009a96       0x14 ./Middlewares/Third_Party/SubGHz_Phy/stm32_radio_driver/radio_fw.o
                0x0000000008009a96                RFW_SetAntSwitch
 .text.RFW_TransmitInit
                0x0000000008009aaa       0x20 ./Middlewares/Third_Party/SubGHz_Phy/stm32_radio_driver/radio_fw.o
                0x0000000008009aaa                RFW_TransmitInit
 .text.RFW_ReceiveInit
                0x0000000008009aca       0x10 ./Middlewares/Third_Party/SubGHz_Phy/stm32_radio_driver/radio_fw.o
                0x0000000008009aca                RFW_ReceiveInit
 .text.RFW_DeInit_TxLongPacket
                0x0000000008009ada        0xc ./Middlewares/Third_Party/SubGHz_Phy/stm32_radio_driver/radio_fw.o
                0x0000000008009ada                RFW_DeInit_TxLongPacket
 .text.RFW_ReceivePayload
                0x0000000008009ae6        0xc ./Middlewares/Third_Party/SubGHz_Phy/stm32_radio_driver/radio_fw.o
                0x0000000008009ae6                RFW_ReceivePayload
 .text.RFW_SetRadioModem
                0x0000000008009af2       0x14 ./Middlewares/Third_Party/SubGHz_Phy/stm32_radio_driver/radio_fw.o
                0x0000000008009af2                RFW_SetRadioModem
 .text.MX_SubGHz_Phy_Init
                0x0000000008009b06       0x10 ./SubGHz_Phy/App/app_subghz_phy.o
                0x0000000008009b06                MX_SubGHz_Phy_Init
 .text.MX_SubGHz_Phy_Process
                0x0000000008009b16        0xc ./SubGHz_Phy/App/app_subghz_phy.o
                0x0000000008009b16                MX_SubGHz_Phy_Process
 *fill*         0x0000000008009b22        0x2 
 .text.SubghzApp_Init
                0x0000000008009b24       0x4c ./SubGHz_Phy/App/subghz_phy_app.o
                0x0000000008009b24                SubghzApp_Init
 .text.OnTxDone
                0x0000000008009b70        0xc ./SubGHz_Phy/App/subghz_phy_app.o
 .text.OnRxDone
                0x0000000008009b7c       0x24 ./SubGHz_Phy/App/subghz_phy_app.o
 .text.OnTxTimeout
                0x0000000008009ba0        0xc ./SubGHz_Phy/App/subghz_phy_app.o
 .text.OnRxTimeout
                0x0000000008009bac        0xc ./SubGHz_Phy/App/subghz_phy_app.o
 .text.OnRxError
                0x0000000008009bb8        0xc ./SubGHz_Phy/App/subghz_phy_app.o
 .text.LL_AHB2_GRP1_EnableClock
                0x0000000008009bc4       0x30 ./SubGHz_Phy/Target/radio_board_if.o
 .text.RBI_Init
                0x0000000008009bf4       0x80 ./SubGHz_Phy/Target/radio_board_if.o
                0x0000000008009bf4                RBI_Init
 .text.RBI_ConfigRFSwitch
                0x0000000008009c74       0xbc ./SubGHz_Phy/Target/radio_board_if.o
                0x0000000008009c74                RBI_ConfigRFSwitch
 .text.RBI_GetTxConfig
                0x0000000008009d30       0x16 ./SubGHz_Phy/Target/radio_board_if.o
                0x0000000008009d30                RBI_GetTxConfig
 .text.RBI_IsTCXO
                0x0000000008009d46       0x16 ./SubGHz_Phy/Target/radio_board_if.o
                0x0000000008009d46                RBI_IsTCXO
 .text.RBI_IsDCDC
                0x0000000008009d5c       0x16 ./SubGHz_Phy/Target/radio_board_if.o
                0x0000000008009d5c                RBI_IsDCDC
 .text.RBI_GetRFOMaxPowerConfig
                0x0000000008009d72       0x2a ./SubGHz_Phy/Target/radio_board_if.o
                0x0000000008009d72                RBI_GetRFOMaxPowerConfig
 .text.UTIL_MEM_cpy_8
                0x0000000008009d9c       0x3e ./Utilities/misc/stm32_mem.o
                0x0000000008009d9c                UTIL_MEM_cpy_8
 .text.UTIL_MEM_set_8
                0x0000000008009dda       0x36 ./Utilities/misc/stm32_mem.o
                0x0000000008009dda                UTIL_MEM_set_8
 .text.UTIL_TIMER_Create
                0x0000000008009e10       0x6c ./Utilities/timer/stm32_timer.o
                0x0000000008009e10                UTIL_TIMER_Create
 .text.UTIL_TIMER_Start
                0x0000000008009e7c       0xdc ./Utilities/timer/stm32_timer.o
                0x0000000008009e7c                UTIL_TIMER_Start
 .text.UTIL_TIMER_Stop
                0x0000000008009f58       0xe0 ./Utilities/timer/stm32_timer.o
                0x0000000008009f58                UTIL_TIMER_Stop
 .text.UTIL_TIMER_SetPeriod
                0x000000000800a038       0x54 ./Utilities/timer/stm32_timer.o
                0x000000000800a038                UTIL_TIMER_SetPeriod
 .text.UTIL_TIMER_GetCurrentTime
                0x000000000800a08c       0x24 ./Utilities/timer/stm32_timer.o
                0x000000000800a08c                UTIL_TIMER_GetCurrentTime
 .text.UTIL_TIMER_GetElapsedTime
                0x000000000800a0b0       0x38 ./Utilities/timer/stm32_timer.o
                0x000000000800a0b0                UTIL_TIMER_GetElapsedTime
 .text.TimerExists
                0x000000000800a0e8       0x38 ./Utilities/timer/stm32_timer.o
                0x000000000800a0e8                TimerExists
 .text.TimerSetTimeout
                0x000000000800a120       0x54 ./Utilities/timer/stm32_timer.o
                0x000000000800a120                TimerSetTimeout
 .text.TimerInsertTimer
                0x000000000800a174       0x60 ./Utilities/timer/stm32_timer.o
                0x000000000800a174                TimerInsertTimer
 .text.TimerInsertNewHeadTimer
                0x000000000800a1d4       0x3c ./Utilities/timer/stm32_timer.o
                0x000000000800a1d4                TimerInsertNewHeadTimer
 .text._vsnprintf_r
                0x000000000800a210       0x56 /Applications/STM32CubeIDE.app/Contents/Eclipse/plugins/com.st.stm32cube.ide.mcu.externaltools.gnu-tools-for-stm32.11.3.rel1.macos64_1.1.0.202305231506/tools/bin/../lib/gcc/arm-none-eabi/11.3.1/../../../../arm-none-eabi/lib/thumb/v7e-m/nofp/libc_nano.a(libc_a-vsnprintf.o)
                0x000000000800a210                _vsnprintf_r
                0x000000000800a210                _vsniprintf_r
 *fill*         0x000000000800a266        0x2 
 .text.vsnprintf
                0x000000000800a268       0x1c /Applications/STM32CubeIDE.app/Contents/Eclipse/plugins/com.st.stm32cube.ide.mcu.externaltools.gnu-tools-for-stm32.11.3.rel1.macos64_1.1.0.202305231506/tools/bin/../lib/gcc/arm-none-eabi/11.3.1/../../../../arm-none-eabi/lib/thumb/v7e-m/nofp/libc_nano.a(libc_a-vsnprintf.o)
                0x000000000800a268                vsnprintf
                0x000000000800a268                vsniprintf
 .text.memset   0x000000000800a284       0x10 /Applications/STM32CubeIDE.app/Contents/Eclipse/plugins/com.st.stm32cube.ide.mcu.externaltools.gnu-tools-for-stm32.11.3.rel1.macos64_1.1.0.202305231506/tools/bin/../lib/gcc/arm-none-eabi/11.3.1/../../../../arm-none-eabi/lib/thumb/v7e-m/nofp/libc_nano.a(libc_a-memset.o)
                0x000000000800a284                memset
 .text.__errno  0x000000000800a294        0xc /Applications/STM32CubeIDE.app/Contents/Eclipse/plugins/com.st.stm32cube.ide.mcu.externaltools.gnu-tools-for-stm32.11.3.rel1.macos64_1.1.0.202305231506/tools/bin/../lib/gcc/arm-none-eabi/11.3.1/../../../../arm-none-eabi/lib/thumb/v7e-m/nofp/libc_nano.a(libc_a-errno.o)
                0x000000000800a294                __errno
 .text.__libc_init_array
                0x000000000800a2a0       0x48 /Applications/STM32CubeIDE.app/Contents/Eclipse/plugins/com.st.stm32cube.ide.mcu.externaltools.gnu-tools-for-stm32.11.3.rel1.macos64_1.1.0.202305231506/tools/bin/../lib/gcc/arm-none-eabi/11.3.1/../../../../arm-none-eabi/lib/thumb/v7e-m/nofp/libc_nano.a(libc_a-init.o)
                0x000000000800a2a0                __libc_init_array
 .text.__retarget_lock_acquire_recursive
                0x000000000800a2e8        0x2 /Applications/STM32CubeIDE.app/Contents/Eclipse/plugins/com.st.stm32cube.ide.mcu.externaltools.gnu-tools-for-stm32.11.3.rel1.macos64_1.1.0.202305231506/tools/bin/../lib/gcc/arm-none-eabi/11.3.1/../../../../arm-none-eabi/lib/thumb/v7e-m/nofp/libc_nano.a(libc_a-lock.o)
                0x000000000800a2e8                __retarget_lock_acquire_recursive
 .text.__retarget_lock_release_recursive
                0x000000000800a2ea        0x2 /Applications/STM32CubeIDE.app/Contents/Eclipse/plugins/com.st.stm32cube.ide.mcu.externaltools.gnu-tools-for-stm32.11.3.rel1.macos64_1.1.0.202305231506/tools/bin/../lib/gcc/arm-none-eabi/11.3.1/../../../../arm-none-eabi/lib/thumb/v7e-m/nofp/libc_nano.a(libc_a-lock.o)
                0x000000000800a2ea                __retarget_lock_release_recursive
 .text.memcpy   0x000000000800a2ec       0x1c /Applications/STM32CubeIDE.app/Contents/Eclipse/plugins/com.st.stm32cube.ide.mcu.externaltools.gnu-tools-for-stm32.11.3.rel1.macos64_1.1.0.202305231506/tools/bin/../lib/gcc/arm-none-eabi/11.3.1/../../../../arm-none-eabi/lib/thumb/v7e-m/nofp/libc_nano.a(libc_a-memcpy-stub.o)
                0x000000000800a2ec                memcpy
 .text.__ssputs_r
                0x000000000800a308       0xb4 /Applications/STM32CubeIDE.app/Contents/Eclipse/plugins/com.st.stm32cube.ide.mcu.externaltools.gnu-tools-for-stm32.11.3.rel1.macos64_1.1.0.202305231506/tools/bin/../lib/gcc/arm-none-eabi/11.3.1/../../../../arm-none-eabi/lib/thumb/v7e-m/nofp/libc_nano.a(libc_a-nano-svfprintf.o)
                0x000000000800a308                __ssputs_r
 .text._svfprintf_r
                0x000000000800a3bc      0x1fc /Applications/STM32CubeIDE.app/Contents/Eclipse/plugins/com.st.stm32cube.ide.mcu.externaltools.gnu-tools-for-stm32.11.3.rel1.macos64_1.1.0.202305231506/tools/bin/../lib/gcc/arm-none-eabi/11.3.1/../../../../arm-none-eabi/lib/thumb/v7e-m/nofp/libc_nano.a(libc_a-nano-svfprintf.o)
                0x000000000800a3bc                _svfprintf_r
                0x000000000800a3bc                _svfiprintf_r
 .text.sbrk_aligned
                0x000000000800a5b8       0x40 /Applications/STM32CubeIDE.app/Contents/Eclipse/plugins/com.st.stm32cube.ide.mcu.externaltools.gnu-tools-for-stm32.11.3.rel1.macos64_1.1.0.202305231506/tools/bin/../lib/gcc/arm-none-eabi/11.3.1/../../../../arm-none-eabi/lib/thumb/v7e-m/nofp/libc_nano.a(libc_a-mallocr.o)
 .text._malloc_r
                0x000000000800a5f8      0x100 /Applications/STM32CubeIDE.app/Contents/Eclipse/plugins/com.st.stm32cube.ide.mcu.externaltools.gnu-tools-for-stm32.11.3.rel1.macos64_1.1.0.202305231506/tools/bin/../lib/gcc/arm-none-eabi/11.3.1/../../../../arm-none-eabi/lib/thumb/v7e-m/nofp/libc_nano.a(libc_a-mallocr.o)
                0x000000000800a5f8                _malloc_r
 .text._printf_common
                0x000000000800a6f8       0xda /Applications/STM32CubeIDE.app/Contents/Eclipse/plugins/com.st.stm32cube.ide.mcu.externaltools.gnu-tools-for-stm32.11.3.rel1.macos64_1.1.0.202305231506/tools/bin/../lib/gcc/arm-none-eabi/11.3.1/../../../../arm-none-eabi/lib/thumb/v7e-m/nofp/libc_nano.a(libc_a-nano-vfprintf_i.o)
                0x000000000800a6f8                _printf_common
 *fill*         0x000000000800a7d2        0x2 
 .text._printf_i
                0x000000000800a7d4      0x244 /Applications/STM32CubeIDE.app/Contents/Eclipse/plugins/com.st.stm32cube.ide.mcu.externaltools.gnu-tools-for-stm32.11.3.rel1.macos64_1.1.0.202305231506/tools/bin/../lib/gcc/arm-none-eabi/11.3.1/../../../../arm-none-eabi/lib/thumb/v7e-m/nofp/libc_nano.a(libc_a-nano-vfprintf_i.o)
                0x000000000800a7d4                _printf_i
 .text.__malloc_lock
                0x000000000800aa18        0xc /Applications/STM32CubeIDE.app/Contents/Eclipse/plugins/com.st.stm32cube.ide.mcu.externaltools.gnu-tools-for-stm32.11.3.rel1.macos64_1.1.0.202305231506/tools/bin/../lib/gcc/arm-none-eabi/11.3.1/../../../../arm-none-eabi/lib/thumb/v7e-m/nofp/libc_nano.a(libc_a-mlock.o)
                0x000000000800aa18                __malloc_lock
 .text.__malloc_unlock
                0x000000000800aa24        0xc /Applications/STM32CubeIDE.app/Contents/Eclipse/plugins/com.st.stm32cube.ide.mcu.externaltools.gnu-tools-for-stm32.11.3.rel1.macos64_1.1.0.202305231506/tools/bin/../lib/gcc/arm-none-eabi/11.3.1/../../../../arm-none-eabi/lib/thumb/v7e-m/nofp/libc_nano.a(libc_a-mlock.o)
                0x000000000800aa24                __malloc_unlock
 .text._realloc_r
                0x000000000800aa30       0x5e /Applications/STM32CubeIDE.app/Contents/Eclipse/plugins/com.st.stm32cube.ide.mcu.externaltools.gnu-tools-for-stm32.11.3.rel1.macos64_1.1.0.202305231506/tools/bin/../lib/gcc/arm-none-eabi/11.3.1/../../../../arm-none-eabi/lib/thumb/v7e-m/nofp/libc_nano.a(libc_a-reallocr.o)
                0x000000000800aa30                _realloc_r
 .text.memmove  0x000000000800aa8e       0x34 /Applications/STM32CubeIDE.app/Contents/Eclipse/plugins/com.st.stm32cube.ide.mcu.externaltools.gnu-tools-for-stm32.11.3.rel1.macos64_1.1.0.202305231506/tools/bin/../lib/gcc/arm-none-eabi/11.3.1/../../../../arm-none-eabi/lib/thumb/v7e-m/nofp/libc_nano.a(libc_a-memmove.o)
                0x000000000800aa8e                memmove
 *fill*         0x000000000800aac2        0x2 
 .text._sbrk_r  0x000000000800aac4       0x20 /Applications/STM32CubeIDE.app/Contents/Eclipse/plugins/com.st.stm32cube.ide.mcu.externaltools.gnu-tools-for-stm32.11.3.rel1.macos64_1.1.0.202305231506/tools/bin/../lib/gcc/arm-none-eabi/11.3.1/../../../../arm-none-eabi/lib/thumb/v7e-m/nofp/libc_nano.a(libc_a-sbrkr.o)
                0x000000000800aac4                _sbrk_r
 .text._free_r  0x000000000800aae4       0x94 /Applications/STM32CubeIDE.app/Contents/Eclipse/plugins/com.st.stm32cube.ide.mcu.externaltools.gnu-tools-for-stm32.11.3.rel1.macos64_1.1.0.202305231506/tools/bin/../lib/gcc/arm-none-eabi/11.3.1/../../../../arm-none-eabi/lib/thumb/v7e-m/nofp/libc_nano.a(libc_a-freer.o)
                0x000000000800aae4                _free_r
 .text._malloc_usable_size_r
                0x000000000800ab78       0x10 /Applications/STM32CubeIDE.app/Contents/Eclipse/plugins/com.st.stm32cube.ide.mcu.externaltools.gnu-tools-for-stm32.11.3.rel1.macos64_1.1.0.202305231506/tools/bin/../lib/gcc/arm-none-eabi/11.3.1/../../../../arm-none-eabi/lib/thumb/v7e-m/nofp/libc_nano.a(libc_a-msizer.o)
                0x000000000800ab78                _malloc_usable_size_r
 *(.glue_7)
 .glue_7        0x000000000800ab88        0x0 linker stubs
 *(.glue_7t)
 .glue_7t       0x000000000800ab88        0x0 linker stubs
 *(.eh_frame)
 .eh_frame      0x000000000800ab88        0x0 /Applications/STM32CubeIDE.app/Contents/Eclipse/plugins/com.st.stm32cube.ide.mcu.externaltools.gnu-tools-for-stm32.11.3.rel1.macos64_1.1.0.202305231506/tools/bin/../lib/gcc/arm-none-eabi/11.3.1/thumb/v7e-m/nofp/crtbegin.o
 *(.init)
 .init          0x000000000800ab88        0x4 /Applications/STM32CubeIDE.app/Contents/Eclipse/plugins/com.st.stm32cube.ide.mcu.externaltools.gnu-tools-for-stm32.11.3.rel1.macos64_1.1.0.202305231506/tools/bin/../lib/gcc/arm-none-eabi/11.3.1/thumb/v7e-m/nofp/crti.o
                0x000000000800ab88                _init
 .init          0x000000000800ab8c        0x8 /Applications/STM32CubeIDE.app/Contents/Eclipse/plugins/com.st.stm32cube.ide.mcu.externaltools.gnu-tools-for-stm32.11.3.rel1.macos64_1.1.0.202305231506/tools/bin/../lib/gcc/arm-none-eabi/11.3.1/thumb/v7e-m/nofp/crtn.o
 *(.fini)
 .fini          0x000000000800ab94        0x4 /Applications/STM32CubeIDE.app/Contents/Eclipse/plugins/com.st.stm32cube.ide.mcu.externaltools.gnu-tools-for-stm32.11.3.rel1.macos64_1.1.0.202305231506/tools/bin/../lib/gcc/arm-none-eabi/11.3.1/thumb/v7e-m/nofp/crti.o
                0x000000000800ab94                _fini
 .fini          0x000000000800ab98        0x8 /Applications/STM32CubeIDE.app/Contents/Eclipse/plugins/com.st.stm32cube.ide.mcu.externaltools.gnu-tools-for-stm32.11.3.rel1.macos64_1.1.0.202305231506/tools/bin/../lib/gcc/arm-none-eabi/11.3.1/thumb/v7e-m/nofp/crtn.o
                0x000000000800aba0                . = ALIGN (0x4)
                0x000000000800aba0                _etext = .

.vfp11_veneer   0x000000000800aba0        0x0
 .vfp11_veneer  0x000000000800aba0        0x0 linker stubs

.v4_bx          0x000000000800aba0        0x0
 .v4_bx         0x000000000800aba0        0x0 linker stubs

.iplt           0x000000000800aba0        0x0
 .iplt          0x000000000800aba0        0x0 /Applications/STM32CubeIDE.app/Contents/Eclipse/plugins/com.st.stm32cube.ide.mcu.externaltools.gnu-tools-for-stm32.11.3.rel1.macos64_1.1.0.202305231506/tools/bin/../lib/gcc/arm-none-eabi/11.3.1/thumb/v7e-m/nofp/crtbegin.o

.rodata         0x000000000800aba0      0x710
                0x000000000800aba0                . = ALIGN (0x4)
 *(.rodata)
 .rodata        0x000000000800aba0       0x47 ./Core/Src/ax25_generator.o
 *fill*         0x000000000800abe7        0x1 
 .rodata        0x000000000800abe8      0x41e ./Core/Src/main.o
 *fill*         0x000000000800b006        0x2 
 .rodata        0x000000000800b008       0x1c ./Drivers/STM32WLxx_HAL_Driver/Src/stm32wlxx_hal_rcc.o
 .rodata        0x000000000800b024       0x10 ./Middlewares/Third_Party/SubGHz_Phy/stm32_radio_driver/radio.o
 .rodata        0x000000000800b034       0x11 ./Middlewares/Third_Party/SubGHz_Phy/stm32_radio_driver/radio_driver.o
 *(.rodata*)
 *fill*         0x000000000800b045        0x3 
 .rodata.AHBPrescTable
                0x000000000800b048       0x40 ./Core/Src/system_stm32wlxx.o
                0x000000000800b048                AHBPrescTable
 .rodata.APBPrescTable
                0x000000000800b088       0x20 ./Core/Src/system_stm32wlxx.o
                0x000000000800b088                APBPrescTable
 .rodata.MSIRangeTable
                0x000000000800b0a8       0x40 ./Core/Src/system_stm32wlxx.o
                0x000000000800b0a8                MSIRangeTable
 .rodata.UTIL_TimerDriver
                0x000000000800b0e8       0x2c ./Core/Src/timer_if.o
                0x000000000800b0e8                UTIL_TimerDriver
 .rodata.UARTPrescTable
                0x000000000800b114       0x18 ./Drivers/STM32WLxx_HAL_Driver/Src/stm32wlxx_hal_uart.o
                0x000000000800b114                UARTPrescTable
 .rodata.numerator.1
                0x000000000800b12c        0x8 ./Drivers/STM32WLxx_HAL_Driver/Src/stm32wlxx_hal_uart_ex.o
 .rodata.denominator.0
                0x000000000800b134        0x8 ./Drivers/STM32WLxx_HAL_Driver/Src/stm32wlxx_hal_uart_ex.o
 .rodata.Radio  0x000000000800b13c       0x8c ./Middlewares/Third_Party/SubGHz_Phy/stm32_radio_driver/radio.o
                0x000000000800b13c                Radio
 .rodata.Bandwidths
                0x000000000800b1c8        0x3 ./Middlewares/Third_Party/SubGHz_Phy/stm32_radio_driver/radio.o
                0x000000000800b1c8                Bandwidths
 *fill*         0x000000000800b1cb        0x1 
 .rodata.FskBandwidths
                0x000000000800b1cc       0xb0 ./Middlewares/Third_Party/SubGHz_Phy/stm32_radio_driver/radio_driver.o
 .rodata._svfprintf_r.str1.1
                0x000000000800b27c       0x11 /Applications/STM32CubeIDE.app/Contents/Eclipse/plugins/com.st.stm32cube.ide.mcu.externaltools.gnu-tools-for-stm32.11.3.rel1.macos64_1.1.0.202305231506/tools/bin/../lib/gcc/arm-none-eabi/11.3.1/../../../../arm-none-eabi/lib/thumb/v7e-m/nofp/libc_nano.a(libc_a-nano-svfprintf.o)
 .rodata._printf_i.str1.1
                0x000000000800b28d       0x22 /Applications/STM32CubeIDE.app/Contents/Eclipse/plugins/com.st.stm32cube.ide.mcu.externaltools.gnu-tools-for-stm32.11.3.rel1.macos64_1.1.0.202305231506/tools/bin/../lib/gcc/arm-none-eabi/11.3.1/../../../../arm-none-eabi/lib/thumb/v7e-m/nofp/libc_nano.a(libc_a-nano-vfprintf_i.o)
                0x000000000800b2b0                . = ALIGN (0x4)
 *fill*         0x000000000800b2af        0x1 

.ARM.extab      0x000000000800b2b0        0x0
                0x000000000800b2b0                . = ALIGN (0x4)
 *(.ARM.extab* .gnu.linkonce.armextab.*)
                0x000000000800b2b0                . = ALIGN (0x4)

.ARM            0x000000000800b2b0        0x8
                0x000000000800b2b0                . = ALIGN (0x4)
                0x000000000800b2b0                __exidx_start = .
 *(.ARM.exidx*)
 .ARM.exidx     0x000000000800b2b0        0x8 /Applications/STM32CubeIDE.app/Contents/Eclipse/plugins/com.st.stm32cube.ide.mcu.externaltools.gnu-tools-for-stm32.11.3.rel1.macos64_1.1.0.202305231506/tools/bin/../lib/gcc/arm-none-eabi/11.3.1/thumb/v7e-m/nofp/libgcc.a(_udivmoddi4.o)
                0x000000000800b2b8                __exidx_end = .
                0x000000000800b2b8                . = ALIGN (0x4)

.rel.dyn        0x000000000800b2b8        0x0
 .rel.iplt      0x000000000800b2b8        0x0 /Applications/STM32CubeIDE.app/Contents/Eclipse/plugins/com.st.stm32cube.ide.mcu.externaltools.gnu-tools-for-stm32.11.3.rel1.macos64_1.1.0.202305231506/tools/bin/../lib/gcc/arm-none-eabi/11.3.1/thumb/v7e-m/nofp/crtbegin.o

.preinit_array  0x000000000800b2b8        0x0
                0x000000000800b2b8                . = ALIGN (0x4)
                0x000000000800b2b8                PROVIDE (__preinit_array_start = .)
 *(.preinit_array*)
                0x000000000800b2b8                PROVIDE (__preinit_array_end = .)
                0x000000000800b2b8                . = ALIGN (0x4)

.init_array     0x000000000800b2b8        0x4
                0x000000000800b2b8                . = ALIGN (0x4)
                0x000000000800b2b8                PROVIDE (__init_array_start = .)
 *(SORT_BY_NAME(.init_array.*))
 *(.init_array*)
 .init_array    0x000000000800b2b8        0x4 /Applications/STM32CubeIDE.app/Contents/Eclipse/plugins/com.st.stm32cube.ide.mcu.externaltools.gnu-tools-for-stm32.11.3.rel1.macos64_1.1.0.202305231506/tools/bin/../lib/gcc/arm-none-eabi/11.3.1/thumb/v7e-m/nofp/crtbegin.o
                0x000000000800b2bc                PROVIDE (__init_array_end = .)
                0x000000000800b2bc                . = ALIGN (0x4)

.fini_array     0x000000000800b2bc        0x4
                0x000000000800b2bc                . = ALIGN (0x4)
                [!provide]                        PROVIDE (__fini_array_start = .)
 *(SORT_BY_NAME(.fini_array.*))
 *(.fini_array*)
 .fini_array    0x000000000800b2bc        0x4 /Applications/STM32CubeIDE.app/Contents/Eclipse/plugins/com.st.stm32cube.ide.mcu.externaltools.gnu-tools-for-stm32.11.3.rel1.macos64_1.1.0.202305231506/tools/bin/../lib/gcc/arm-none-eabi/11.3.1/thumb/v7e-m/nofp/crtbegin.o
                [!provide]                        PROVIDE (__fini_array_end = .)
                0x000000000800b2c0                . = ALIGN (0x4)
                0x000000000800b2c0                _sidata = LOADADDR (.data)

.data           0x0000000020000000       0x60 load address 0x000000000800b2c0
                0x0000000020000000                . = ALIGN (0x4)
                0x0000000020000000                _sdata = .
 *(.data)
 *(.data*)
 .data.p_len    0x0000000020000000        0x1 ./Core/Src/main.o
                0x0000000020000000                p_len
 .data.main_cmd_plen
                0x0000000020000001        0x1 ./Core/Src/main.o
                0x0000000020000001                main_cmd_plen
 *fill*         0x0000000020000002        0x2 
 .data.SystemCoreClock
                0x0000000020000004        0x4 ./Core/Src/system_stm32wlxx.o
                0x0000000020000004                SystemCoreClock
 .data.uwTickPrio
                0x0000000020000008        0x4 ./Drivers/STM32WLxx_HAL_Driver/Src/stm32wlxx_hal.o
                0x0000000020000008                uwTickPrio
 .data.uwTickFreq
                0x000000002000000c        0x1 ./Drivers/STM32WLxx_HAL_Driver/Src/stm32wlxx_hal.o
                0x000000002000000c                uwTickFreq
 .data.MaxPayloadLength
                0x000000002000000d        0x1 ./Middlewares/Third_Party/SubGHz_Phy/stm32_radio_driver/radio.o
 *fill*         0x000000002000000e        0x2 
 .data._impure_data
                0x0000000020000010       0x4c /Applications/STM32CubeIDE.app/Contents/Eclipse/plugins/com.st.stm32cube.ide.mcu.externaltools.gnu-tools-for-stm32.11.3.rel1.macos64_1.1.0.202305231506/tools/bin/../lib/gcc/arm-none-eabi/11.3.1/../../../../arm-none-eabi/lib/thumb/v7e-m/nofp/libc_nano.a(libc_a-impure.o)
                0x0000000020000010                _impure_data
 .data._impure_ptr
                0x000000002000005c        0x4 /Applications/STM32CubeIDE.app/Contents/Eclipse/plugins/com.st.stm32cube.ide.mcu.externaltools.gnu-tools-for-stm32.11.3.rel1.macos64_1.1.0.202305231506/tools/bin/../lib/gcc/arm-none-eabi/11.3.1/../../../../arm-none-eabi/lib/thumb/v7e-m/nofp/libc_nano.a(libc_a-impure.o)
                0x000000002000005c                _impure_ptr
 *(.RamFunc)
 *(.RamFunc*)
                0x0000000020000060                . = ALIGN (0x4)
                0x0000000020000060                _edata = .

.igot.plt       0x0000000020000060        0x0 load address 0x000000000800b320
 .igot.plt      0x0000000020000060        0x0 /Applications/STM32CubeIDE.app/Contents/Eclipse/plugins/com.st.stm32cube.ide.mcu.externaltools.gnu-tools-for-stm32.11.3.rel1.macos64_1.1.0.202305231506/tools/bin/../lib/gcc/arm-none-eabi/11.3.1/thumb/v7e-m/nofp/crtbegin.o
                0x0000000020000060                . = ALIGN (0x4)

.bss            0x0000000020000060      0x65c load address 0x000000000800b320
                0x0000000020000060                _sbss = .
                0x0000000020000060                __bss_start__ = _sbss
 *(.bss)
 .bss           0x0000000020000060       0x1c /Applications/STM32CubeIDE.app/Contents/Eclipse/plugins/com.st.stm32cube.ide.mcu.externaltools.gnu-tools-for-stm32.11.3.rel1.macos64_1.1.0.202305231506/tools/bin/../lib/gcc/arm-none-eabi/11.3.1/thumb/v7e-m/nofp/crtbegin.o
 *(.bss*)
 .bss.temp.0    0x000000002000007c       0x64 ./Core/Src/com_debug.o
 .bss.pkt_params
                0x00000000200000e0       0x14 ./Core/Src/main.o
                0x00000000200000e0                pkt_params
 .bss.mod_params